../Core/Src/main.c:109:6:Start_DMA	24	static
../Core/Src/main.c:119:6:HAL_ADC_ConvCpltCallback	16	static
../Core/Src/main.c:124:6:HAL_GPIO_EXTI_Callback	16	static
../Core/Src/main.c:131:6:HAL_TIM_PeriodElapsedCallback	16	static
../Core/Src/main.c:137:6:Capture_SD	1096	static
../Core/Src/main.c:193:6:Corriger_Offset_ADC	32	static
../Core/Src/main.c:209:6:Save_Audio	72	static
../Core/Src/main.c:228:5:main	56	static
../Core/Src/main.c:358:6:SystemClock_Config	128	static
../Core/Src/main.c:406:13:MX_ADC_Init	16	static
../Core/Src/main.c:462:13:MX_I2C1_Init	8	static
../Core/Src/main.c:510:13:MX_SPI1_Init	8	static
../Core/Src/main.c:548:13:MX_SPI2_Init	8	static
../Core/Src/main.c:586:13:MX_TIM2_Init	32	static
../Core/Src/main.c:631:13:MX_TIM21_Init	32	static
../Core/Src/main.c:676:13:MX_USART2_UART_Init	8	static
../Core/Src/main.c:709:13:MX_DMA_Init	16	static
../Core/Src/main.c:730:13:MX_GPIO_Init	56	static
../Core/Src/main.c:778:6:Debug_Print	280	static
../Core/Src/main.c:786:6:HAL_SPI_RxCpltCallback	16	static
../Core/Src/main.c:791:6:HAL_SPI_TxCpltCallback	16	static
../Core/Src/main.c:801:6:Error_Handler	8	static,ignoring_inline_asm
