../Core/Src/stm32l0xx_hal_msp.c:69:6:HAL_MspInit	8	static
../Core/Src/stm32l0xx_hal_msp.c:91:6:HAL_ADC_MspInit	48	static
../Core/Src/stm32l0xx_hal_msp.c:142:6:HAL_ADC_MspDeInit	16	static
../Core/Src/stm32l0xx_hal_msp.c:172:6:HAL_I2C_MspInit	48	static
../Core/Src/stm32l0xx_hal_msp.c:208:6:HAL_I2C_MspDeInit	16	static
../Core/Src/stm32l0xx_hal_msp.c:239:6:HAL_SPI_MspInit	64	static
../Core/Src/stm32l0xx_hal_msp.c:355:6:HAL_SPI_MspDeInit	16	static
../Core/Src/stm32l0xx_hal_msp.c:414:6:HAL_TIM_Base_MspInit	16	static
../Core/Src/stm32l0xx_hal_msp.c:439:6:HAL_TIM_Base_MspDeInit	16	static
../Core/Src/stm32l0xx_hal_msp.c:464:6:HAL_UART_MspInit	48	static
../Core/Src/stm32l0xx_hal_msp.c:500:6:HAL_UART_MspDeInit	16	static
