../Drivers/ArduCAM/ArduCAM.c:21:6:ArduCAM_Init	16	static
../Drivers/ArduCAM/ArduCAM.c:62:6:SingleCapTransfer	1048	static
../Drivers/ArduCAM/ArduCAM.c:117:6:DMA1_RX_HAL	24	static
../Drivers/ArduCAM/ArduCAM.c:133:6:set_format	16	static
../Drivers/ArduCAM/ArduCAM.c:141:6:set_frame	16	static
../Drivers/ArduCAM/ArduCAM.c:146:9:bus_read	32	static
../Drivers/ArduCAM/ArduCAM.c:171:9:bus_write	16	static
../Drivers/ArduCAM/ArduCAM.c:195:9:read_reg	32	static
../Drivers/ArduCAM/ArduCAM.c:203:6:write_reg	16	static
../Drivers/ArduCAM/ArduCAM.c:208:9:read_fifo	24	static
../Drivers/ArduCAM/ArduCAM.c:215:6:set_fifo_burst	16	static
../Drivers/ArduCAM/ArduCAM.c:221:6:flush_fifo	8	static
../Drivers/ArduCAM/ArduCAM.c:226:6:start_capture	8	static
../Drivers/ArduCAM/ArduCAM.c:231:6:clear_fifo_flag	8	static
../Drivers/ArduCAM/ArduCAM.c:236:10:read_fifo_length	24	static
../Drivers/ArduCAM/ArduCAM.c:246:6:read_burst	8	static
../Drivers/ArduCAM/ArduCAM.c:251:6:set_bit	32	static
../Drivers/ArduCAM/ArduCAM.c:258:6:clear_bit	32	static
../Drivers/ArduCAM/ArduCAM.c:266:9:get_bit	32	static
../Drivers/ArduCAM/ArduCAM.c:278:6:set_mode	16	static
../Drivers/ArduCAM/ArduCAM.c:298:6:OV2640_set_JPEG_size	16	static
../Drivers/ArduCAM/ArduCAM.c:335:6:OV5640_set_JPEG_size	16	static
../Drivers/ArduCAM/ArduCAM.c:373:6:OV5642_set_JPEG_size	16	static
../Drivers/ArduCAM/ArduCAM.c:405:6:wrSensorReg8_8	32	static
../Drivers/ArduCAM/ArduCAM.c:421:6:rdSensorReg8_8	24	static
../Drivers/ArduCAM/ArduCAM.c:445:5:wrSensorRegs8_8	32	static
../Drivers/ArduCAM/ArduCAM.c:472:6:wrSensorReg16_8	32	static
../Drivers/ArduCAM/ArduCAM.c:492:5:wrSensorRegs16_8	32	static
../Drivers/ArduCAM/ArduCAM.c:513:6:rdSensorReg16_8	40	static
