Archive member included to satisfy reference by file (symbol)

C:/ST/STM32CubeIDE_1.13.2/STM32CubeIDE/plugins/com.st.stm32cube.ide.mcu.externaltools.gnu-tools-for-stm32.11.3.rel1.win32_1.1.100.202309141235/tools/bin/../lib/gcc/arm-none-eabi/11.3.1/../../../../arm-none-eabi/lib/thumb/v6-m/nofp\libc_nano.a(libc_a-exit.o)
                              C:/ST/STM32CubeIDE_1.13.2/STM32CubeIDE/plugins/com.st.stm32cube.ide.mcu.externaltools.gnu-tools-for-stm32.11.3.rel1.win32_1.1.100.202309141235/tools/bin/../lib/gcc/arm-none-eabi/11.3.1/../../../../arm-none-eabi/lib/thumb/v6-m/nofp/crt0.o (exit)
C:/ST/STM32CubeIDE_1.13.2/STM32CubeIDE/plugins/com.st.stm32cube.ide.mcu.externaltools.gnu-tools-for-stm32.11.3.rel1.win32_1.1.100.202309141235/tools/bin/../lib/gcc/arm-none-eabi/11.3.1/../../../../arm-none-eabi/lib/thumb/v6-m/nofp\libc_nano.a(libc_a-findfp.o)
                              C:/ST/STM32CubeIDE_1.13.2/STM32CubeIDE/plugins/com.st.stm32cube.ide.mcu.externaltools.gnu-tools-for-stm32.11.3.rel1.win32_1.1.100.202309141235/tools/bin/../lib/gcc/arm-none-eabi/11.3.1/../../../../arm-none-eabi/lib/thumb/v6-m/nofp\libc_nano.a(libc_a-exit.o) (__stdio_exit_handler)
C:/ST/STM32CubeIDE_1.13.2/STM32CubeIDE/plugins/com.st.stm32cube.ide.mcu.externaltools.gnu-tools-for-stm32.11.3.rel1.win32_1.1.100.202309141235/tools/bin/../lib/gcc/arm-none-eabi/11.3.1/../../../../arm-none-eabi/lib/thumb/v6-m/nofp\libc_nano.a(libc_a-fwalk.o)
                              C:/ST/STM32CubeIDE_1.13.2/STM32CubeIDE/plugins/com.st.stm32cube.ide.mcu.externaltools.gnu-tools-for-stm32.11.3.rel1.win32_1.1.100.202309141235/tools/bin/../lib/gcc/arm-none-eabi/11.3.1/../../../../arm-none-eabi/lib/thumb/v6-m/nofp\libc_nano.a(libc_a-findfp.o) (_fwalk_sglue)
C:/ST/STM32CubeIDE_1.13.2/STM32CubeIDE/plugins/com.st.stm32cube.ide.mcu.externaltools.gnu-tools-for-stm32.11.3.rel1.win32_1.1.100.202309141235/tools/bin/../lib/gcc/arm-none-eabi/11.3.1/../../../../arm-none-eabi/lib/thumb/v6-m/nofp\libc_nano.a(libc_a-sprintf.o)
                              ./Core/Src/main.o (sprintf)
C:/ST/STM32CubeIDE_1.13.2/STM32CubeIDE/plugins/com.st.stm32cube.ide.mcu.externaltools.gnu-tools-for-stm32.11.3.rel1.win32_1.1.100.202309141235/tools/bin/../lib/gcc/arm-none-eabi/11.3.1/../../../../arm-none-eabi/lib/thumb/v6-m/nofp\libc_nano.a(libc_a-stdio.o)
                              C:/ST/STM32CubeIDE_1.13.2/STM32CubeIDE/plugins/com.st.stm32cube.ide.mcu.externaltools.gnu-tools-for-stm32.11.3.rel1.win32_1.1.100.202309141235/tools/bin/../lib/gcc/arm-none-eabi/11.3.1/../../../../arm-none-eabi/lib/thumb/v6-m/nofp\libc_nano.a(libc_a-findfp.o) (__sread)
C:/ST/STM32CubeIDE_1.13.2/STM32CubeIDE/plugins/com.st.stm32cube.ide.mcu.externaltools.gnu-tools-for-stm32.11.3.rel1.win32_1.1.100.202309141235/tools/bin/../lib/gcc/arm-none-eabi/11.3.1/../../../../arm-none-eabi/lib/thumb/v6-m/nofp\libc_nano.a(libc_a-memset.o)
                              C:/ST/STM32CubeIDE_1.13.2/STM32CubeIDE/plugins/com.st.stm32cube.ide.mcu.externaltools.gnu-tools-for-stm32.11.3.rel1.win32_1.1.100.202309141235/tools/bin/../lib/gcc/arm-none-eabi/11.3.1/../../../../arm-none-eabi/lib/thumb/v6-m/nofp/crt0.o (memset)
C:/ST/STM32CubeIDE_1.13.2/STM32CubeIDE/plugins/com.st.stm32cube.ide.mcu.externaltools.gnu-tools-for-stm32.11.3.rel1.win32_1.1.100.202309141235/tools/bin/../lib/gcc/arm-none-eabi/11.3.1/../../../../arm-none-eabi/lib/thumb/v6-m/nofp\libc_nano.a(libc_a-closer.o)
                              C:/ST/STM32CubeIDE_1.13.2/STM32CubeIDE/plugins/com.st.stm32cube.ide.mcu.externaltools.gnu-tools-for-stm32.11.3.rel1.win32_1.1.100.202309141235/tools/bin/../lib/gcc/arm-none-eabi/11.3.1/../../../../arm-none-eabi/lib/thumb/v6-m/nofp\libc_nano.a(libc_a-stdio.o) (_close_r)
C:/ST/STM32CubeIDE_1.13.2/STM32CubeIDE/plugins/com.st.stm32cube.ide.mcu.externaltools.gnu-tools-for-stm32.11.3.rel1.win32_1.1.100.202309141235/tools/bin/../lib/gcc/arm-none-eabi/11.3.1/../../../../arm-none-eabi/lib/thumb/v6-m/nofp\libc_nano.a(libc_a-reent.o)
                              C:/ST/STM32CubeIDE_1.13.2/STM32CubeIDE/plugins/com.st.stm32cube.ide.mcu.externaltools.gnu-tools-for-stm32.11.3.rel1.win32_1.1.100.202309141235/tools/bin/../lib/gcc/arm-none-eabi/11.3.1/../../../../arm-none-eabi/lib/thumb/v6-m/nofp\libc_nano.a(libc_a-closer.o) (errno)
C:/ST/STM32CubeIDE_1.13.2/STM32CubeIDE/plugins/com.st.stm32cube.ide.mcu.externaltools.gnu-tools-for-stm32.11.3.rel1.win32_1.1.100.202309141235/tools/bin/../lib/gcc/arm-none-eabi/11.3.1/../../../../arm-none-eabi/lib/thumb/v6-m/nofp\libc_nano.a(libc_a-impure.o)
                              C:/ST/STM32CubeIDE_1.13.2/STM32CubeIDE/plugins/com.st.stm32cube.ide.mcu.externaltools.gnu-tools-for-stm32.11.3.rel1.win32_1.1.100.202309141235/tools/bin/../lib/gcc/arm-none-eabi/11.3.1/../../../../arm-none-eabi/lib/thumb/v6-m/nofp\libc_nano.a(libc_a-sprintf.o) (_impure_ptr)
[...]
Memory Configuration

Name             Origin             Length             Attributes
RAM              0x0000000020000000 0x0000000000002000 xrw
FLASH            0x0000000008000000 0x0000000000010000 xr
*default*        0x0000000000000000 0xffffffffffffffff

Linker script and memory map

LOAD C:/ST/STM32CubeIDE_1.13.2/STM32CubeIDE/plugins/com.st.stm32cube.ide.mcu.externaltools.gnu-tools-for-stm32.11.3.rel1.win32_1.1.100.202309141235/tools/bin/../lib/gcc/arm-none-eabi/11.3.1/thumb/v6-m/nofp/crti.o
LOAD C:/ST/STM32CubeIDE_1.13.2/STM32CubeIDE/plugins/com.st.stm32cube.ide.mcu.externaltools.gnu-tools-for-stm32.11.3.rel1.win32_1.1.100.202309141235/tools/bin/../lib/gcc/arm-none-eabi/11.3.1/thumb/v6-m/nofp/crtbegin.o
LOAD C:/ST/STM32CubeIDE_1.13.2/STM32CubeIDE/plugins/com.st.stm32cube.ide.mcu.externaltools.gnu-tools-for-stm32.11.3.rel1.win32_1.1.100.202309141235/tools/bin/../lib/gcc/arm-none-eabi/11.3.1/../../../../arm-none-eabi/lib/thumb/v6-m/nofp/crt0.o
LOAD ./Core/Src/main.o
LOAD ./Core/Src/stm32l0xx_hal_msp.o
LOAD ./Core/Src/stm32l0xx_it.o
LOAD ./Core/Src/syscalls.o
LOAD ./Core/Src/sysmem.o
LOAD ./Core/Src/system_stm32l0xx.o
LOAD ./Core/Startup/startup_stm32l053r8tx.o
LOAD ./Drivers/ArduCAM/ArduCAM.o
LOAD ./Drivers/SD_CARD/sd_card.o
LOAD ./Drivers/STM32L0xx_HAL_Driver/Src/stm32l0xx_hal.o
LOAD ./Drivers/STM32L0xx_HAL_Driver/Src/stm32l0xx_hal_adc.o
LOAD ./Drivers/STM32L0xx_HAL_Driver/Src/stm32l0xx_hal_adc_ex.o
LOAD ./Drivers/STM32L0xx_HAL_Driver/Src/stm32l0xx_hal_cortex.o
LOAD ./Drivers/STM32L0xx_HAL_Driver/Src/stm32l0xx_hal_dma.o
LOAD ./Drivers/STM32L0xx_HAL_Driver/Src/stm32l0xx_hal_exti.o
LOAD ./Drivers/STM32L0xx_HAL_Driver/Src/stm32l0xx_hal_flash.o
LOAD ./Drivers/STM32L0xx_HAL_Driver/Src/stm32l0xx_hal_flash_ex.o
LOAD ./Drivers/STM32L0xx_HAL_Driver/Src/stm32l0xx_hal_flash_ramfunc.o
LOAD ./Drivers/STM32L0xx_HAL_Driver/Src/stm32l0xx_hal_gpio.o
LOAD ./Drivers/STM32L0xx_HAL_Driver/Src/stm32l0xx_hal_i2c.o
LOAD ./Drivers/STM32L0xx_HAL_Driver/Src/stm32l0xx_hal_i2c_ex.o
LOAD ./Drivers/STM32L0xx_HAL_Driver/Src/stm32l0xx_hal_pwr.o
LOAD ./Drivers/STM32L0xx_HAL_Driver/Src/stm32l0xx_hal_pwr_ex.o
LOAD ./Drivers/STM32L0xx_HAL_Driver/Src/stm32l0xx_hal_rcc.o
LOAD ./Drivers/STM32L0xx_HAL_Driver/Src/stm32l0xx_hal_rcc_ex.o
LOAD ./Drivers/STM32L0xx_HAL_Driver/Src/stm32l0xx_hal_spi.o
LOAD ./Drivers/STM32L0xx_HAL_Driver/Src/stm32l0xx_hal_tim.o
LOAD ./Drivers/STM32L0xx_HAL_Driver/Src/stm32l0xx_hal_tim_ex.o
LOAD ./Drivers/STM32L0xx_HAL_Driver/Src/stm32l0xx_hal_uart.o
LOAD ./Drivers/STM32L0xx_HAL_Driver/Src/stm32l0xx_hal_uart_ex.o
LOAD ./FATFS/App/fatfs.o
LOAD ./FATFS/Target/user_diskio.o
LOAD ./FATFS/Target/user_diskio_spi.o
LOAD ./Middlewares/Third_Party/FatFs/src/diskio.o
LOAD ./Middlewares/Third_Party/FatFs/src/ff.o
LOAD ./Middlewares/Third_Party/FatFs/src/ff_gen_drv.o
LOAD ./Middlewares/Third_Party/FatFs/src/option/ccsbcs.o
LOAD ./Middlewares/Third_Party/FatFs/src/option/syscall.o
START GROUP
LOAD C:/ST/STM32CubeIDE_1.13.2/STM32CubeIDE/plugins/com.st.stm32cube.ide.mcu.externaltools.gnu-tools-for-stm32.11.3.rel1.win32_1.1.100.202309141235/tools/bin/../lib/gcc/arm-none-eabi/11.3.1/../../../../arm-none-eabi/lib/thumb/v6-m/nofp\libstdc++_nano.a
LOAD C:/ST/STM32CubeIDE_1.13.2/STM32CubeIDE/plugins/com.st.stm32cube.ide.mcu.externaltools.gnu-tools-for-stm32.11.3.rel1.win32_1.1.100.202309141235/tools/bin/../lib/gcc/arm-none-eabi/11.3.1/../../../../arm-none-eabi/lib/thumb/v6-m/nofp\libsupc++_nano.a
END GROUP
LOAD C:/ST/STM32CubeIDE_1.13.2/STM32CubeIDE/plugins/com.st.stm32cube.ide.mcu.externaltools.gnu-tools-for-stm32.11.3.rel1.win32_1.1.100.202309141235/tools/bin/../lib/gcc/arm-none-eabi/11.3.1/../../../../arm-none-eabi/lib/thumb/v6-m/nofp\libstdc++_nano.a
LOAD C:/ST/STM32CubeIDE_1.13.2/STM32CubeIDE/plugins/com.st.stm32cube.ide.mcu.externaltools.gnu-tools-for-stm32.11.3.rel1.win32_1.1.100.202309141235/tools/bin/../lib/gcc/arm-none-eabi/11.3.1/../../../../arm-none-eabi/lib/thumb/v6-m/nofp\libm.a
LOAD C:/ST/STM32CubeIDE_1.13.2/STM32CubeIDE/plugins/com.st.stm32cube.ide.mcu.externaltools.gnu-tools-for-stm32.11.3.rel1.win32_1.1.100.202309141235/tools/bin/../lib/gcc/arm-none-eabi/11.3.1/../../../../arm-none-eabi/lib/thumb/v6-m/nofp\libc_nano.a
START GROUP
LOAD C:/ST/STM32CubeIDE_1.13.2/STM32CubeIDE/plugins/com.st.stm32cube.ide.mcu.externaltools.gnu-tools-for-stm32.11.3.rel1.win32_1.1.100.202309141235/tools/bin/../lib/gcc/arm-none-eabi/11.3.1/thumb/v6-m/nofp\libgcc.a
LOAD C:/ST/STM32CubeIDE_1.13.2/STM32CubeIDE/plugins/com.st.stm32cube.ide.mcu.externaltools.gnu-tools-for-stm32.11.3.rel1.win32_1.1.100.202309141235/tools/bin/../lib/gcc/arm-none-eabi/11.3.1/../../../../arm-none-eabi/lib/thumb/v6-m/nofp\libc_nano.a
END GROUP
START GROUP
LOAD C:/ST/STM32CubeIDE_1.13.2/STM32CubeIDE/plugins/com.st.stm32cube.ide.mcu.externaltools.gnu-tools-for-stm32.11.3.rel1.win32_1.1.100.202309141235/tools/bin/../lib/gcc/arm-none-eabi/11.3.1/thumb/v6-m/nofp\libgcc.a
LOAD C:/ST/STM32CubeIDE_1.13.2/STM32CubeIDE/plugins/com.st.stm32cube.ide.mcu.externaltools.gnu-tools-for-stm32.11.3.rel1.win32_1.1.100.202309141235/tools/bin/../lib/gcc/arm-none-eabi/11.3.1/../../../../arm-none-eabi/lib/thumb/v6-m/nofp\libc_nano.a
LOAD C:/ST/STM32CubeIDE_1.13.2/STM32CubeIDE/plugins/com.st.stm32cube.ide.mcu.externaltools.gnu-tools-for-stm32.11.3.rel1.win32_1.1.100.202309141235/tools/bin/../lib/gcc/arm-none-eabi/11.3.1/../../../../arm-none-eabi/lib/thumb/v6-m/nofp\libnosys.a
END GROUP
START GROUP
LOAD C:/ST/STM32CubeIDE_1.13.2/STM32CubeIDE/plugins/com.st.stm32cube.ide.mcu.externaltools.gnu-tools-for-stm32.11.3.rel1.win32_1.1.100.202309141235/tools/bin/../lib/gcc/arm-none-eabi/11.3.1/thumb/v6-m/nofp\libgcc.a
LOAD C:/ST/STM32CubeIDE_1.13.2/STM32CubeIDE/plugins/com.st.stm32cube.ide.mcu.externaltools.gnu-tools-for-stm32.11.3.rel1.win32_1.1.100.202309141235/tools/bin/../lib/gcc/arm-none-eabi/11.3.1/../../../../arm-none-eabi/lib/thumb/v6-m/nofp\libc_nano.a
LOAD C:/ST/STM32CubeIDE_1.13.2/STM32CubeIDE/plugins/com.st.stm32cube.ide.mcu.externaltools.gnu-tools-for-stm32.11.3.rel1.win32_1.1.100.202309141235/tools/bin/../lib/gcc/arm-none-eabi/11.3.1/../../../../arm-none-eabi/lib/thumb/v6-m/nofp\libnosys.a
END GROUP
LOAD C:/ST/STM32CubeIDE_1.13.2/STM32CubeIDE/plugins/com.st.stm32cube.ide.mcu.externaltools.gnu-tools-for-stm32.11.3.rel1.win32_1.1.100.202309141235/tools/bin/../lib/gcc/arm-none-eabi/11.3.1/thumb/v6-m/nofp/crtend.o
LOAD C:/ST/STM32CubeIDE_1.13.2/STM32CubeIDE/plugins/com.st.stm32cube.ide.mcu.externaltools.gnu-tools-for-stm32.11.3.rel1.win32_1.1.100.202309141235/tools/bin/../lib/gcc/arm-none-eabi/11.3.1/thumb/v6-m/nofp/crtn.o
                0x0000000020002000                _estack = (ORIGIN (RAM) + LENGTH (RAM))
                0x0000000000000200                _Min_Heap_Size = 0x200
                0x0000000000000400                _Min_Stack_Size = 0x400

.isr_vector     0x0000000008000000       0xc0
                0x0000000008000000                . = ALIGN (0x4)
 *(.isr_vector)
 .isr_vector    0x0000000008000000       0xc0 ./Core/Startup/startup_stm32l053r8tx.o
                0x0000000008000000                g_pfnVectors
                0x00000000080000c0                . = ALIGN (0x4)

.text           0x00000000080000c0     0xb3a8
                0x00000000080000c0                . = ALIGN (0x4)
 *(.text)
 .text          0x00000000080000c0       0x48 C:/ST/STM32CubeIDE_1.13.2/STM32CubeIDE/plugins/com.st.stm32cube.ide.mcu.externaltools.gnu-tools-for-stm32.11.3.rel1.win32_1.1.100.202309141235/tools/bin/../lib/gcc/arm-none-eabi/11.3.1/thumb/v6-m/nofp/crtbegin.o
 .text          0x0000000008000108        0xe C:/ST/STM32CubeIDE_1.13.2/STM32CubeIDE/plugins/com.st.stm32cube.ide.mcu.externaltools.gnu-tools-for-stm32.11.3.rel1.win32_1.1.100.202309141235/tools/bin/../lib/gcc/arm-none-eabi/11.3.1/../../../../arm-none-eabi/lib/thumb/v6-m/nofp\libc_nano.a(libc_a-strlen.o)
                0x0000000008000108                strlen
 *fill*         0x0000000008000116        0x2 
 .text          0x0000000008000118       0x14 C:/ST/STM32CubeIDE_1.13.2/STM32CubeIDE/plugins/com.st.stm32cube.ide.mcu.externaltools.gnu-tools-for-stm32.11.3.rel1.win32_1.1.100.202309141235/tools/bin/../lib/gcc/arm-none-eabi/11.3.1/thumb/v6-m/nofp\libgcc.a(_thumb1_case_shi.o)
                0x0000000008000118                __gnu_thumb1_case_shi
 .text          0x000000000800012c      0x114 C:/ST/STM32CubeIDE_1.13.2/STM32CubeIDE/plugins/com.st.stm32cube.ide.mcu.externaltools.gnu-tools-for-stm32.11.3.rel1.win32_1.1.100.202309141235/tools/bin/../lib/gcc/arm-none-eabi/11.3.1/thumb/v6-m/nofp\libgcc.a(_udivsi3.o)
                0x000000000800012c                __aeabi_uidiv
                0x000000000800012c                __udivsi3
                0x0000000008000238                __aeabi_uidivmod
 .text          0x0000000008000240        0x4 C:/ST/STM32CubeIDE_1.13.2/STM32CubeIDE/plugins/com.st.stm32cube.ide.mcu.externaltools.gnu-tools-for-stm32.11.3.rel1.win32_1.1.100.202309141235/tools/bin/../lib/gcc/arm-none-eabi/11.3.1/thumb/v6-m/nofp\libgcc.a(_dvmd_tls.o)
                0x0000000008000240                __aeabi_idiv0
                0x0000000008000240                __aeabi_ldiv0
 .text          0x0000000008000244       0x40 C:/ST/STM32CubeIDE_1.13.2/STM32CubeIDE/plugins/com.st.stm32cube.ide.mcu.externaltools.gnu-tools-for-stm32.11.3.rel1.win32_1.1.100.202309141235/tools/bin/../lib/gcc/arm-none-eabi/11.3.1/thumb/v6-m/nofp\libgcc.a(_aeabi_uldivmod.o)
                0x0000000008000244                __aeabi_uldivmod
 .text          0x0000000008000284       0x5c C:/ST/STM32CubeIDE_1.13.2/STM32CubeIDE/plugins/com.st.stm32cube.ide.mcu.externaltools.gnu-tools-for-stm32.11.3.rel1.win32_1.1.100.202309141235/tools/bin/../lib/gcc/arm-none-eabi/11.3.1/thumb/v6-m/nofp\libgcc.a(_muldi3.o)
                0x0000000008000284                __muldi3
                0x0000000008000284                __aeabi_lmul
 .text          0x00000000080002e0      0x198 C:/ST/STM32CubeIDE_1.13.2/STM32CubeIDE/plugins/com.st.stm32cube.ide.mcu.externaltools.gnu-tools-for-stm32.11.3.rel1.win32_1.1.100.202309141235/tools/bin/../lib/gcc/arm-none-eabi/11.3.1/thumb/v6-m/nofp\libgcc.a(_udivmoddi4.o)
                0x00000000080002e0                __udivmoddi4
 .text          0x0000000008000478       0x18 C:/ST/STM32CubeIDE_1.13.2/STM32CubeIDE/plugins/com.st.stm32cube.ide.mcu.externaltools.gnu-tools-for-stm32.11.3.rel1.win32_1.1.100.202309141235/tools/bin/../lib/gcc/arm-none-eabi/11.3.1/thumb/v6-m/nofp\libgcc.a(_clzdi2.o)
                0x0000000008000478                __clzdi2
 .text          0x0000000008000490       0x3c C:/ST/STM32CubeIDE_1.13.2/STM32CubeIDE/plugins/com.st.stm32cube.ide.mcu.externaltools.gnu-tools-for-stm32.11.3.rel1.win32_1.1.100.202309141235/tools/bin/../lib/gcc/arm-none-eabi/11.3.1/thumb/v6-m/nofp\libgcc.a(_clzsi2.o)
                0x0000000008000490                __clzsi2
 *(.text*)
 .text.Start_DMA
                0x00000000080004cc       0x3c ./Core/Src/main.o
                0x00000000080004cc                Start_DMA
 .text.HAL_ADC_ConvCpltCallback
                0x0000000008000508       0x28 ./Core/Src/main.o
                0x0000000008000508                HAL_ADC_ConvCpltCallback
 .text.Capture_SD
                0x0000000008000530      0x1f0 ./Core/Src/main.o
                0x0000000008000530                Capture_SD
 .text.Save_Audio
                0x0000000008000720       0x7c ./Core/Src/main.o
                0x0000000008000720                Save_Audio
 .text.main     0x000000000800079c      0x174 ./Core/Src/main.o
                0x000000000800079c                main
 .text.SystemClock_Config
                0x0000000008000910       0xd0 ./Core/Src/main.o
                0x0000000008000910                SystemClock_Config
 .text.MX_ADC_Init
                0x00000000080009e0       0xc8 ./Core/Src/main.o
 .text.MX_I2C1_Init
                0x0000000008000aa8       0x80 ./Core/Src/main.o
 .text.MX_SPI1_Init
                0x0000000008000b28       0x70 ./Core/Src/main.o
 .text.MX_SPI2_Init
                0x0000000008000b98       0x70 ./Core/Src/main.o
 .text.MX_TIM2_Init
                0x0000000008000c08       0xa4 ./Core/Src/main.o
 .text.MX_USART2_UART_Init
                0x0000000008000cac       0x60 ./Core/Src/main.o
 .text.MX_DMA_Init
                0x0000000008000d0c       0x4c ./Core/Src/main.o
 .text.MX_GPIO_Init
                0x0000000008000d58      0x110 ./Core/Src/main.o
 .text.Debug_Print
                0x0000000008000e68       0x3c ./Core/Src/main.o
                0x0000000008000e68                Debug_Print
 .text.HAL_SPI_RxCpltCallback
                0x0000000008000ea4       0x2c ./Core/Src/main.o
                0x0000000008000ea4                HAL_SPI_RxCpltCallback
 .text.Error_Handler
                0x0000000008000ed0        0xa ./Core/Src/main.o
                0x0000000008000ed0                Error_Handler
 *fill*         0x0000000008000eda        0x2 
 .text.HAL_MspInit
                0x0000000008000edc       0x28 ./Core/Src/stm32l0xx_hal_msp.o
                0x0000000008000edc                HAL_MspInit
 .text.HAL_ADC_MspInit
                0x0000000008000f04       0xd4 ./Core/Src/stm32l0xx_hal_msp.o
                0x0000000008000f04                HAL_ADC_MspInit
 .text.HAL_I2C_MspInit
                0x0000000008000fd8       0x88 ./Core/Src/stm32l0xx_hal_msp.o
                0x0000000008000fd8                HAL_I2C_MspInit
 .text.HAL_SPI_MspInit
                0x0000000008001060      0x240 ./Core/Src/stm32l0xx_hal_msp.o
                0x0000000008001060                HAL_SPI_MspInit
 .text.HAL_TIM_Base_MspInit
                0x00000000080012a0       0x3c ./Core/Src/stm32l0xx_hal_msp.o
                0x00000000080012a0                HAL_TIM_Base_MspInit
 .text.HAL_UART_MspInit
                0x00000000080012dc       0x88 ./Core/Src/stm32l0xx_hal_msp.o
                0x00000000080012dc                HAL_UART_MspInit
 .text.NMI_Handler
                0x0000000008001364        0x6 ./Core/Src/stm32l0xx_it.o
                0x0000000008001364                NMI_Handler
 .text.HardFault_Handler
                0x000000000800136a        0x6 ./Core/Src/stm32l0xx_it.o
                0x000000000800136a                HardFault_Handler
 .text.SVC_Handler
                0x0000000008001370        0xa ./Core/Src/stm32l0xx_it.o
                0x0000000008001370                SVC_Handler
 .text.PendSV_Handler
                0x000000000800137a        0xa ./Core/Src/stm32l0xx_it.o
                0x000000000800137a                PendSV_Handler
 .text.SysTick_Handler
                0x0000000008001384        0xe ./Core/Src/stm32l0xx_it.o
                0x0000000008001384                SysTick_Handler
 *fill*         0x0000000008001392        0x2 
 .text.DMA1_Channel1_IRQHandler
                0x0000000008001394       0x18 ./Core/Src/stm32l0xx_it.o
                0x0000000008001394                DMA1_Channel1_IRQHandler
 .text.DMA1_Channel2_3_IRQHandler
                0x00000000080013ac       0x24 ./Core/Src/stm32l0xx_it.o
                0x00000000080013ac                DMA1_Channel2_3_IRQHandler
 .text.TIM2_IRQHandler
                0x00000000080013d0       0x18 ./Core/Src/stm32l0xx_it.o
                0x00000000080013d0                TIM2_IRQHandler
 .text.SPI1_IRQHandler
                0x00000000080013e8       0x18 ./Core/Src/stm32l0xx_it.o
                0x00000000080013e8                SPI1_IRQHandler
 .text._sbrk    0x0000000008001400       0x6c ./Core/Src/sysmem.o
                0x0000000008001400                _sbrk
 .text.SystemInit
                0x000000000800146c        0xa ./Core/Src/system_stm32l0xx.o
                0x000000000800146c                SystemInit
 *fill*         0x0000000008001476        0x2 
 .text.Reset_Handler
                0x0000000008001478       0x50 ./Core/Startup/startup_stm32l053r8tx.o
                0x0000000008001478                Reset_Handler
 .text.Default_Handler
                0x00000000080014c8        0x2 ./Core/Startup/startup_stm32l053r8tx.o
                0x00000000080014c8                TSC_IRQHandler
                0x00000000080014c8                ADC1_COMP_IRQHandler
                0x00000000080014c8                PVD_IRQHandler
                0x00000000080014c8                I2C1_IRQHandler
                0x00000000080014c8                RCC_CRS_IRQHandler
                0x00000000080014c8                TIM6_DAC_IRQHandler
                0x00000000080014c8                EXTI2_3_IRQHandler
                0x00000000080014c8                I2C2_IRQHandler
                0x00000000080014c8                RTC_IRQHandler
                0x00000000080014c8                LCD_IRQHandler
                0x00000000080014c8                DMA1_Channel4_5_6_7_IRQHandler
                0x00000000080014c8                EXTI4_15_IRQHandler
                0x00000000080014c8                Default_Handler
                0x00000000080014c8                TIM22_IRQHandler
                0x00000000080014c8                EXTI0_1_IRQHandler
                0x00000000080014c8                USB_IRQHandler
                0x00000000080014c8                SPI2_IRQHandler
                0x00000000080014c8                TIM21_IRQHandler
                0x00000000080014c8                WWDG_IRQHandler
                0x00000000080014c8                USART2_IRQHandler
                0x00000000080014c8                FLASH_IRQHandler
                0x00000000080014c8                USART1_IRQHandler
                0x00000000080014c8                RNG_LPUART1_IRQHandler
                0x00000000080014c8                LPTIM1_IRQHandler
 *fill*         0x00000000080014ca        0x2 
 .text.ArduCAM_Init
                0x00000000080014cc       0xec ./Drivers/ArduCAM/ArduCAM.o
                0x00000000080014cc                ArduCAM_Init
 .text.SingleCapTransfer
                0x00000000080015b8       0x50 ./Drivers/ArduCAM/ArduCAM.o
                0x00000000080015b8                SingleCapTransfer
 .text.set_format
                0x0000000008001608       0x30 ./Drivers/ArduCAM/ArduCAM.o
                0x0000000008001608                set_format
 .text.set_frame
                0x0000000008001638       0x24 ./Drivers/ArduCAM/ArduCAM.o
                0x0000000008001638                set_frame
 .text.bus_read
                0x000000000800165c       0x68 ./Drivers/ArduCAM/ArduCAM.o
                0x000000000800165c                bus_read
 .text.bus_write
                0x00000000080016c4       0x58 ./Drivers/ArduCAM/ArduCAM.o
                0x00000000080016c4                bus_write
 .text.read_reg
                0x000000000800171c       0x30 ./Drivers/ArduCAM/ArduCAM.o
                0x000000000800171c                read_reg
 .text.write_reg
                0x000000000800174c       0x32 ./Drivers/ArduCAM/ArduCAM.o
                0x000000000800174c                write_reg
 *fill*         0x000000000800177e        0x2 
 .text.set_fifo_burst
                0x0000000008001780       0x28 ./Drivers/ArduCAM/ArduCAM.o
                0x0000000008001780                set_fifo_burst
 .text.flush_fifo
                0x00000000080017a8       0x12 ./Drivers/ArduCAM/ArduCAM.o
                0x00000000080017a8                flush_fifo
 .text.start_capture
                0x00000000080017ba       0x12 ./Drivers/ArduCAM/ArduCAM.o
                0x00000000080017ba                start_capture
 .text.clear_fifo_flag
                0x00000000080017cc       0x12 ./Drivers/ArduCAM/ArduCAM.o
                0x00000000080017cc                clear_fifo_flag
 .text.read_fifo_length
                0x00000000080017de       0x4c ./Drivers/ArduCAM/ArduCAM.o
                0x00000000080017de                read_fifo_length
 .text.get_bit  0x000000000800182a       0x40 ./Drivers/ArduCAM/ArduCAM.o
                0x000000000800182a                get_bit
 *fill*         0x000000000800186a        0x2 
 .text.wrSensorReg8_8
                0x000000000800186c       0x54 ./Drivers/ArduCAM/ArduCAM.o
                0x000000000800186c                wrSensorReg8_8
 .text.rdSensorReg8_8
                0x00000000080018c0       0x74 ./Drivers/ArduCAM/ArduCAM.o
                0x00000000080018c0                rdSensorReg8_8
 .text.wrSensorRegs8_8
                0x0000000008001934       0x82 ./Drivers/ArduCAM/ArduCAM.o
                0x0000000008001934                wrSensorRegs8_8
 *fill*         0x00000000080019b6        0x2 
 .text.SD_Card_Init
                0x00000000080019b8       0x38 ./Drivers/SD_CARD/sd_card.o
                0x00000000080019b8                SD_Card_Init
 .text.SD_Card_Open
                0x00000000080019f0       0x30 ./Drivers/SD_CARD/sd_card.o
                0x00000000080019f0                SD_Card_Open
 .text.SD_Card_Write
                0x0000000008001a20       0x30 ./Drivers/SD_CARD/sd_card.o
                0x0000000008001a20                SD_Card_Write
 .text.SD_Card_Close
                0x0000000008001a50       0x18 ./Drivers/SD_CARD/sd_card.o
                0x0000000008001a50                SD_Card_Close
 .text.SD_Card_Unmount
                0x0000000008001a68       0x34 ./Drivers/SD_CARD/sd_card.o
                0x0000000008001a68                SD_Card_Unmount
 .text.HAL_Init
                0x0000000008001a9c       0x40 ./Drivers/STM32L0xx_HAL_Driver/Src/stm32l0xx_hal.o
                0x0000000008001a9c                HAL_Init
 .text.HAL_InitTick
                0x0000000008001adc       0x68 ./Drivers/STM32L0xx_HAL_Driver/Src/stm32l0xx_hal.o
                0x0000000008001adc                HAL_InitTick
 .text.HAL_IncTick
                0x0000000008001b44       0x24 ./Drivers/STM32L0xx_HAL_Driver/Src/stm32l0xx_hal.o
                0x0000000008001b44                HAL_IncTick
 .text.HAL_GetTick
                0x0000000008001b68       0x14 ./Drivers/STM32L0xx_HAL_Driver/Src/stm32l0xx_hal.o
                0x0000000008001b68                HAL_GetTick
 .text.HAL_Delay
                0x0000000008001b7c       0x48 ./Drivers/STM32L0xx_HAL_Driver/Src/stm32l0xx_hal.o
                0x0000000008001b7c                HAL_Delay
 .text.HAL_ADC_Init
                0x0000000008001bc4      0x2e8 ./Drivers/STM32L0xx_HAL_Driver/Src/stm32l0xx_hal_adc.o
                0x0000000008001bc4                HAL_ADC_Init
 .text.HAL_ADC_Start_DMA
                0x0000000008001eac      0x104 ./Drivers/STM32L0xx_HAL_Driver/Src/stm32l0xx_hal_adc.o
                0x0000000008001eac                HAL_ADC_Start_DMA
 .text.HAL_ADC_ConvHalfCpltCallback
                0x0000000008001fb0       0x10 ./Drivers/STM32L0xx_HAL_Driver/Src/stm32l0xx_hal_adc.o
                0x0000000008001fb0                HAL_ADC_ConvHalfCpltCallback
 .text.HAL_ADC_ErrorCallback
                0x0000000008001fc0       0x10 ./Drivers/STM32L0xx_HAL_Driver/Src/stm32l0xx_hal_adc.o
                0x0000000008001fc0                HAL_ADC_ErrorCallback
 .text.HAL_ADC_ConfigChannel
                0x0000000008001fd0      0x140 ./Drivers/STM32L0xx_HAL_Driver/Src/stm32l0xx_hal_adc.o
                0x0000000008001fd0                HAL_ADC_ConfigChannel
 .text.ADC_Enable
                0x0000000008002110       0xd0 ./Drivers/STM32L0xx_HAL_Driver/Src/stm32l0xx_hal_adc.o
 .text.ADC_DMAConvCplt
                0x00000000080021e0       0xb4 ./Drivers/STM32L0xx_HAL_Driver/Src/stm32l0xx_hal_adc.o
 .text.ADC_DMAHalfConvCplt
                0x0000000008002294       0x1e ./Drivers/STM32L0xx_HAL_Driver/Src/stm32l0xx_hal_adc.o
 .text.ADC_DMAError
                0x00000000080022b2       0x36 ./Drivers/STM32L0xx_HAL_Driver/Src/stm32l0xx_hal_adc.o
 .text.ADC_DelayMicroSecond
                0x00000000080022e8       0x40 ./Drivers/STM32L0xx_HAL_Driver/Src/stm32l0xx_hal_adc.o
 .text.__NVIC_EnableIRQ
                0x0000000008002328       0x34 ./Drivers/STM32L0xx_HAL_Driver/Src/stm32l0xx_hal_cortex.o
 .text.__NVIC_SetPriority
                0x000000000800235c       0xdc ./Drivers/STM32L0xx_HAL_Driver/Src/stm32l0xx_hal_cortex.o
 .text.SysTick_Config
                0x0000000008002438       0x48 ./Drivers/STM32L0xx_HAL_Driver/Src/stm32l0xx_hal_cortex.o
 .text.HAL_NVIC_SetPriority
                0x0000000008002480       0x2a ./Drivers/STM32L0xx_HAL_Driver/Src/stm32l0xx_hal_cortex.o
                0x0000000008002480                HAL_NVIC_SetPriority
 .text.HAL_NVIC_EnableIRQ
                0x00000000080024aa       0x20 ./Drivers/STM32L0xx_HAL_Driver/Src/stm32l0xx_hal_cortex.o
                0x00000000080024aa                HAL_NVIC_EnableIRQ
 .text.HAL_SYSTICK_Config
                0x00000000080024ca       0x1a ./Drivers/STM32L0xx_HAL_Driver/Src/stm32l0xx_hal_cortex.o
                0x00000000080024ca                HAL_SYSTICK_Config
 .text.HAL_DMA_Init
                0x00000000080024e4       0xf0 ./Drivers/STM32L0xx_HAL_Driver/Src/stm32l0xx_hal_dma.o
                0x00000000080024e4                HAL_DMA_Init
 .text.HAL_DMA_Start_IT
                0x00000000080025d4       0xcc ./Drivers/STM32L0xx_HAL_Driver/Src/stm32l0xx_hal_dma.o
                0x00000000080025d4                HAL_DMA_Start_IT
 .text.HAL_DMA_Abort_IT
                0x00000000080026a0       0x8e ./Drivers/STM32L0xx_HAL_Driver/Src/stm32l0xx_hal_dma.o
                0x00000000080026a0                HAL_DMA_Abort_IT
 .text.HAL_DMA_IRQHandler
                0x000000000800272e      0x15c ./Drivers/STM32L0xx_HAL_Driver/Src/stm32l0xx_hal_dma.o
                0x000000000800272e                HAL_DMA_IRQHandler
 .text.DMA_SetConfig
                0x000000000800288a       0x5c ./Drivers/STM32L0xx_HAL_Driver/Src/stm32l0xx_hal_dma.o
 *fill*         0x00000000080028e6        0x2 
 .text.HAL_GPIO_Init
                0x00000000080028e8      0x2ec ./Drivers/STM32L0xx_HAL_Driver/Src/stm32l0xx_hal_gpio.o
                0x00000000080028e8                HAL_GPIO_Init
 .text.HAL_GPIO_ReadPin
                0x0000000008002bd4       0x3a ./Drivers/STM32L0xx_HAL_Driver/Src/stm32l0xx_hal_gpio.o
                0x0000000008002bd4                HAL_GPIO_ReadPin
 .text.HAL_GPIO_WritePin
                0x0000000008002c0e       0x3a ./Drivers/STM32L0xx_HAL_Driver/Src/stm32l0xx_hal_gpio.o
                0x0000000008002c0e                HAL_GPIO_WritePin
 .text.HAL_GPIO_TogglePin
                0x0000000008002c48       0x36 ./Drivers/STM32L0xx_HAL_Driver/Src/stm32l0xx_hal_gpio.o
                0x0000000008002c48                HAL_GPIO_TogglePin
 *fill*         0x0000000008002c7e        0x2 
 .text.HAL_I2C_Init
                0x0000000008002c80      0x12c ./Drivers/STM32L0xx_HAL_Driver/Src/stm32l0xx_hal_i2c.o
                0x0000000008002c80                HAL_I2C_Init
 .text.HAL_I2C_Master_Transmit
                0x0000000008002dac      0x210 ./Drivers/STM32L0xx_HAL_Driver/Src/stm32l0xx_hal_i2c.o
                0x0000000008002dac                HAL_I2C_Master_Transmit
 .text.HAL_I2C_Master_Receive
                0x0000000008002fbc      0x210 ./Drivers/STM32L0xx_HAL_Driver/Src/stm32l0xx_hal_i2c.o
                0x0000000008002fbc                HAL_I2C_Master_Receive
 .text.I2C_Flush_TXDR
                0x00000000080031cc       0x44 ./Drivers/STM32L0xx_HAL_Driver/Src/stm32l0xx_hal_i2c.o
 .text.I2C_WaitOnFlagUntilTimeout
                0x0000000008003210       0x9c ./Drivers/STM32L0xx_HAL_Driver/Src/stm32l0xx_hal_i2c.o
 .text.I2C_WaitOnTXISFlagUntilTimeout
                0x00000000080032ac       0x8c ./Drivers/STM32L0xx_HAL_Driver/Src/stm32l0xx_hal_i2c.o
 .text.I2C_WaitOnSTOPFlagUntilTimeout
                0x0000000008003338       0x86 ./Drivers/STM32L0xx_HAL_Driver/Src/stm32l0xx_hal_i2c.o
 *fill*         0x00000000080033be        0x2 
 .text.I2C_WaitOnRXNEFlagUntilTimeout
                0x00000000080033c0      0x104 ./Drivers/STM32L0xx_HAL_Driver/Src/stm32l0xx_hal_i2c.o
 .text.I2C_IsErrorOccurred
                0x00000000080034c4      0x200 ./Drivers/STM32L0xx_HAL_Driver/Src/stm32l0xx_hal_i2c.o
 .text.I2C_TransferConfig
                0x00000000080036c4       0x74 ./Drivers/STM32L0xx_HAL_Driver/Src/stm32l0xx_hal_i2c.o
 .text.HAL_I2CEx_ConfigAnalogFilter
                0x0000000008003738       0x98 ./Drivers/STM32L0xx_HAL_Driver/Src/stm32l0xx_hal_i2c_ex.o
                0x0000000008003738                HAL_I2CEx_ConfigAnalogFilter
 .text.HAL_I2CEx_ConfigDigitalFilter
                0x00000000080037d0       0x98 ./Drivers/STM32L0xx_HAL_Driver/Src/stm32l0xx_hal_i2c_ex.o
                0x00000000080037d0                HAL_I2CEx_ConfigDigitalFilter
 .text.HAL_RCC_OscConfig
                0x0000000008003868      0x788 ./Drivers/STM32L0xx_HAL_Driver/Src/stm32l0xx_hal_rcc.o
                0x0000000008003868                HAL_RCC_OscConfig
 .text.HAL_RCC_ClockConfig
                0x0000000008003ff0      0x290 ./Drivers/STM32L0xx_HAL_Driver/Src/stm32l0xx_hal_rcc.o
                0x0000000008003ff0                HAL_RCC_ClockConfig
 .text.HAL_RCC_GetSysClockFreq
                0x0000000008004280      0x14c ./Drivers/STM32L0xx_HAL_Driver/Src/stm32l0xx_hal_rcc.o
                0x0000000008004280                HAL_RCC_GetSysClockFreq
 .text.HAL_RCC_GetHCLKFreq
                0x00000000080043cc       0x14 ./Drivers/STM32L0xx_HAL_Driver/Src/stm32l0xx_hal_rcc.o
                0x00000000080043cc                HAL_RCC_GetHCLKFreq
 .text.HAL_RCC_GetPCLK1Freq
                0x00000000080043e0       0x2c ./Drivers/STM32L0xx_HAL_Driver/Src/stm32l0xx_hal_rcc.o
                0x00000000080043e0                HAL_RCC_GetPCLK1Freq
 .text.HAL_RCC_GetPCLK2Freq
                0x000000000800440c       0x2c ./Drivers/STM32L0xx_HAL_Driver/Src/stm32l0xx_hal_rcc.o
                0x000000000800440c                HAL_RCC_GetPCLK2Freq
 .text.HAL_RCCEx_PeriphCLKConfig
                0x0000000008004438      0x31c ./Drivers/STM32L0xx_HAL_Driver/Src/stm32l0xx_hal_rcc_ex.o
                0x0000000008004438                HAL_RCCEx_PeriphCLKConfig
 .text.HAL_SPI_Init
                0x0000000008004754      0x128 ./Drivers/STM32L0xx_HAL_Driver/Src/stm32l0xx_hal_spi.o
                0x0000000008004754                HAL_SPI_Init
 .text.HAL_SPI_Transmit
                0x000000000800487c      0x2ba ./Drivers/STM32L0xx_HAL_Driver/Src/stm32l0xx_hal_spi.o
                0x000000000800487c                HAL_SPI_Transmit
 *fill*         0x0000000008004b36        0x2 
 .text.HAL_SPI_Receive
                0x0000000008004b38      0x25c ./Drivers/STM32L0xx_HAL_Driver/Src/stm32l0xx_hal_spi.o
                0x0000000008004b38                HAL_SPI_Receive
 .text.HAL_SPI_TransmitReceive
                0x0000000008004d94      0x396 ./Drivers/STM32L0xx_HAL_Driver/Src/stm32l0xx_hal_spi.o
                0x0000000008004d94                HAL_SPI_TransmitReceive
 *fill*         0x000000000800512a        0x2 
 .text.HAL_SPI_Receive_DMA
                0x000000000800512c      0x1a8 ./Drivers/STM32L0xx_HAL_Driver/Src/stm32l0xx_hal_spi.o
                0x000000000800512c                HAL_SPI_Receive_DMA
 .text.HAL_SPI_TransmitReceive_DMA
                0x00000000080052d4      0x224 ./Drivers/STM32L0xx_HAL_Driver/Src/stm32l0xx_hal_spi.o
                0x00000000080052d4                HAL_SPI_TransmitReceive_DMA
 .text.HAL_SPI_IRQHandler
                0x00000000080054f8      0x1d4 ./Drivers/STM32L0xx_HAL_Driver/Src/stm32l0xx_hal_spi.o
                0x00000000080054f8                HAL_SPI_IRQHandler
 .text.HAL_SPI_TxRxCpltCallback
                0x00000000080056cc       0x10 ./Drivers/STM32L0xx_HAL_Driver/Src/stm32l0xx_hal_spi.o
                0x00000000080056cc                HAL_SPI_TxRxCpltCallback
 .text.HAL_SPI_RxHalfCpltCallback
                0x00000000080056dc       0x10 ./Drivers/STM32L0xx_HAL_Driver/Src/stm32l0xx_hal_spi.o
                0x00000000080056dc                HAL_SPI_RxHalfCpltCallback
 .text.HAL_SPI_TxRxHalfCpltCallback
                0x00000000080056ec       0x10 ./Drivers/STM32L0xx_HAL_Driver/Src/stm32l0xx_hal_spi.o
                0x00000000080056ec                HAL_SPI_TxRxHalfCpltCallback
 .text.HAL_SPI_ErrorCallback
                0x00000000080056fc       0x10 ./Drivers/STM32L0xx_HAL_Driver/Src/stm32l0xx_hal_spi.o
                0x00000000080056fc                HAL_SPI_ErrorCallback
 .text.SPI_DMAReceiveCplt
                0x000000000800570c       0xae ./Drivers/STM32L0xx_HAL_Driver/Src/stm32l0xx_hal_spi.o
 .text.SPI_DMATransmitReceiveCplt
                0x00000000080057ba       0x94 ./Drivers/STM32L0xx_HAL_Driver/Src/stm32l0xx_hal_spi.o
 .text.SPI_DMAHalfReceiveCplt
                0x000000000800584e       0x1e ./Drivers/STM32L0xx_HAL_Driver/Src/stm32l0xx_hal_spi.o
 .text.SPI_DMAHalfTransmitReceiveCplt
                0x000000000800586c       0x1e ./Drivers/STM32L0xx_HAL_Driver/Src/stm32l0xx_hal_spi.o
 .text.SPI_DMAError
                0x000000000800588a       0x42 ./Drivers/STM32L0xx_HAL_Driver/Src/stm32l0xx_hal_spi.o
 .text.SPI_DMAAbortOnError
                0x00000000080058cc       0x2a ./Drivers/STM32L0xx_HAL_Driver/Src/stm32l0xx_hal_spi.o
 *fill*         0x00000000080058f6        0x2 
 .text.SPI_WaitFlagStateUntilTimeout
                0x00000000080058f8      0x11c ./Drivers/STM32L0xx_HAL_Driver/Src/stm32l0xx_hal_spi.o
 .text.SPI_EndRxTransaction
                0x0000000008005a14       0xd4 ./Drivers/STM32L0xx_HAL_Driver/Src/stm32l0xx_hal_spi.o
 .text.SPI_EndRxTxTransaction
                0x0000000008005ae8       0x8c ./Drivers/STM32L0xx_HAL_Driver/Src/stm32l0xx_hal_spi.o
 .text.HAL_TIM_Base_Init
                0x0000000008005b74       0x80 ./Drivers/STM32L0xx_HAL_Driver/Src/stm32l0xx_hal_tim.o
                0x0000000008005b74                HAL_TIM_Base_Init
 .text.HAL_TIM_Base_Start
                0x0000000008005bf4       0x88 ./Drivers/STM32L0xx_HAL_Driver/Src/stm32l0xx_hal_tim.o
                0x0000000008005bf4                HAL_TIM_Base_Start
 .text.HAL_TIM_IRQHandler
                0x0000000008005c7c      0x1d0 ./Drivers/STM32L0xx_HAL_Driver/Src/stm32l0xx_hal_tim.o
                0x0000000008005c7c                HAL_TIM_IRQHandler
 .text.HAL_TIM_ConfigClockSource
                0x0000000008005e4c      0x1a8 ./Drivers/STM32L0xx_HAL_Driver/Src/stm32l0xx_hal_tim.o
                0x0000000008005e4c                HAL_TIM_ConfigClockSource
 .text.HAL_TIM_PeriodElapsedCallback
                0x0000000008005ff4       0x10 ./Drivers/STM32L0xx_HAL_Driver/Src/stm32l0xx_hal_tim.o
                0x0000000008005ff4                HAL_TIM_PeriodElapsedCallback
 .text.HAL_TIM_OC_DelayElapsedCallback
                0x0000000008006004       0x10 ./Drivers/STM32L0xx_HAL_Driver/Src/stm32l0xx_hal_tim.o
                0x0000000008006004                HAL_TIM_OC_DelayElapsedCallback
 .text.HAL_TIM_IC_CaptureCallback
                0x0000000008006014       0x10 ./Drivers/STM32L0xx_HAL_Driver/Src/stm32l0xx_hal_tim.o
                0x0000000008006014                HAL_TIM_IC_CaptureCallback
 .text.HAL_TIM_PWM_PulseFinishedCallback
                0x0000000008006024       0x10 ./Drivers/STM32L0xx_HAL_Driver/Src/stm32l0xx_hal_tim.o
                0x0000000008006024                HAL_TIM_PWM_PulseFinishedCallback
 .text.HAL_TIM_TriggerCallback
                0x0000000008006034       0x10 ./Drivers/STM32L0xx_HAL_Driver/Src/stm32l0xx_hal_tim.o
                0x0000000008006034                HAL_TIM_TriggerCallback
 .text.TIM_Base_SetConfig
                0x0000000008006044       0xa8 ./Drivers/STM32L0xx_HAL_Driver/Src/stm32l0xx_hal_tim.o
 .text.TIM_TI1_ConfigInputStage
                0x00000000080060ec       0x5c ./Drivers/STM32L0xx_HAL_Driver/Src/stm32l0xx_hal_tim.o
 .text.TIM_TI2_ConfigInputStage
                0x0000000008006148       0x64 ./Drivers/STM32L0xx_HAL_Driver/Src/stm32l0xx_hal_tim.o
 .text.TIM_ITRx_SetConfig
                0x00000000080061ac       0x32 ./Drivers/STM32L0xx_HAL_Driver/Src/stm32l0xx_hal_tim.o
 *fill*         0x00000000080061de        0x2 
 .text.TIM_ETR_SetConfig
                0x00000000080061e0       0x40 ./Drivers/STM32L0xx_HAL_Driver/Src/stm32l0xx_hal_tim.o
 .text.HAL_TIMEx_MasterConfigSynchronization
                0x0000000008006220       0xb0 ./Drivers/STM32L0xx_HAL_Driver/Src/stm32l0xx_hal_tim_ex.o
                0x0000000008006220                HAL_TIMEx_MasterConfigSynchronization
 .text.HAL_UART_Init
                0x00000000080062d0       0xa8 ./Drivers/STM32L0xx_HAL_Driver/Src/stm32l0xx_hal_uart.o
                0x00000000080062d0                HAL_UART_Init
 .text.HAL_UART_Transmit
                0x0000000008006378      0x13e ./Drivers/STM32L0xx_HAL_Driver/Src/stm32l0xx_hal_uart.o
                0x0000000008006378                HAL_UART_Transmit
 *fill*         0x00000000080064b6        0x2 
 .text.UART_SetConfig
                0x00000000080064b8      0x508 ./Drivers/STM32L0xx_HAL_Driver/Src/stm32l0xx_hal_uart.o
                0x00000000080064b8                UART_SetConfig
 .text.UART_AdvFeatureConfig
                0x00000000080069c0      0x168 ./Drivers/STM32L0xx_HAL_Driver/Src/stm32l0xx_hal_uart.o
                0x00000000080069c0                UART_AdvFeatureConfig
 .text.UART_CheckIdleState
                0x0000000008006b28      0x150 ./Drivers/STM32L0xx_HAL_Driver/Src/stm32l0xx_hal_uart.o
                0x0000000008006b28                UART_CheckIdleState
 .text.UART_WaitOnFlagUntilTimeout
                0x0000000008006c78       0xd2 ./Drivers/STM32L0xx_HAL_Driver/Src/stm32l0xx_hal_uart.o
                0x0000000008006c78                UART_WaitOnFlagUntilTimeout
 *fill*         0x0000000008006d4a        0x2 
 .text.UART_EndRxTransfer
                0x0000000008006d4c       0xc8 ./Drivers/STM32L0xx_HAL_Driver/Src/stm32l0xx_hal_uart.o
 .text.MX_FATFS_Init
                0x0000000008006e14       0x2c ./FATFS/App/fatfs.o
                0x0000000008006e14                MX_FATFS_Init
 .text.get_fattime
                0x0000000008006e40        0xc ./FATFS/App/fatfs.o
                0x0000000008006e40                get_fattime
 .text.USER_initialize
                0x0000000008006e4c       0x20 ./FATFS/Target/user_diskio.o
                0x0000000008006e4c                USER_initialize
 .text.USER_status
                0x0000000008006e6c       0x20 ./FATFS/Target/user_diskio.o
                0x0000000008006e6c                USER_status
 .text.USER_read
                0x0000000008006e8c       0x2e ./FATFS/Target/user_diskio.o
                0x0000000008006e8c                USER_read
 .text.USER_write
                0x0000000008006eba       0x2e ./FATFS/Target/user_diskio.o
                0x0000000008006eba                USER_write
 .text.USER_ioctl
                0x0000000008006ee8       0x2e ./FATFS/Target/user_diskio.o
                0x0000000008006ee8                USER_ioctl
 *fill*         0x0000000008006f16        0x2 
 .text.SPI_Timer_On
                0x0000000008006f18       0x28 ./FATFS/Target/user_diskio_spi.o
                0x0000000008006f18                SPI_Timer_On
 .text.SPI_Timer_Status
                0x0000000008006f40       0x2c ./FATFS/Target/user_diskio_spi.o
                0x0000000008006f40                SPI_Timer_Status
 .text.xchg_spi
                0x0000000008006f6c       0x30 ./FATFS/Target/user_diskio_spi.o
 .text.rcvr_spi_multi
                0x0000000008006f9c       0x38 ./FATFS/Target/user_diskio_spi.o
 .text.xmit_spi_multi
                0x0000000008006fd4       0x28 ./FATFS/Target/user_diskio_spi.o
 .text.wait_ready
                0x0000000008006ffc       0x50 ./FATFS/Target/user_diskio_spi.o
 .text.despiselect
                0x000000000800704c       0x20 ./FATFS/Target/user_diskio_spi.o
 .text.spiselect
                0x000000000800706c       0x38 ./FATFS/Target/user_diskio_spi.o
 .text.rcvr_datablock
                0x00000000080070a4       0x5e ./FATFS/Target/user_diskio_spi.o
 .text.xmit_datablock
                0x0000000008007102       0x74 ./FATFS/Target/user_diskio_spi.o
 .text.send_cmd
                0x0000000008007176      0x11c ./FATFS/Target/user_diskio_spi.o
 *fill*         0x0000000008007292        0x2 
 .text.USER_SPI_initialize
                0x0000000008007294      0x230 ./FATFS/Target/user_diskio_spi.o
                0x0000000008007294                USER_SPI_initialize
 .text.USER_SPI_status
                0x00000000080074c4       0x2c ./FATFS/Target/user_diskio_spi.o
                0x00000000080074c4                USER_SPI_status
 .text.USER_SPI_read
                0x00000000080074f0       0xd8 ./FATFS/Target/user_diskio_spi.o
                0x00000000080074f0                USER_SPI_read
 .text.USER_SPI_write
                0x00000000080075c8      0x100 ./FATFS/Target/user_diskio_spi.o
                0x00000000080075c8                USER_SPI_write
 .text.USER_SPI_ioctl
                0x00000000080076c8      0x328 ./FATFS/Target/user_diskio_spi.o
                0x00000000080076c8                USER_SPI_ioctl
 .text.disk_status
                0x00000000080079f0       0x44 ./Middlewares/Third_Party/FatFs/src/diskio.o
                0x00000000080079f0                disk_status
 .text.disk_initialize
                0x0000000008007a34       0x60 ./Middlewares/Third_Party/FatFs/src/diskio.o
                0x0000000008007a34                disk_initialize
 .text.disk_read
                0x0000000008007a94       0x50 ./Middlewares/Third_Party/FatFs/src/diskio.o
                0x0000000008007a94                disk_read
 .text.disk_write
                0x0000000008007ae4       0x50 ./Middlewares/Third_Party/FatFs/src/diskio.o
                0x0000000008007ae4                disk_write
 .text.disk_ioctl
                0x0000000008007b34       0x50 ./Middlewares/Third_Party/FatFs/src/diskio.o
                0x0000000008007b34                disk_ioctl
 .text.ld_word  0x0000000008007b84       0x36 ./Middlewares/Third_Party/FatFs/src/ff.o
 .text.ld_dword
                0x0000000008007bba       0x42 ./Middlewares/Third_Party/FatFs/src/ff.o
 .text.st_word  0x0000000008007bfc       0x3c ./Middlewares/Third_Party/FatFs/src/ff.o
 .text.st_dword
                0x0000000008007c38       0x54 ./Middlewares/Third_Party/FatFs/src/ff.o
 .text.mem_cpy  0x0000000008007c8c       0x3e ./Middlewares/Third_Party/FatFs/src/ff.o
 .text.mem_set  0x0000000008007cca       0x32 ./Middlewares/Third_Party/FatFs/src/ff.o
 .text.mem_cmp  0x0000000008007cfc       0x4a ./Middlewares/Third_Party/FatFs/src/ff.o
 .text.chk_chr  0x0000000008007d46       0x32 ./Middlewares/Third_Party/FatFs/src/ff.o
 .text.chk_lock
                0x0000000008007d78       0xb0 ./Middlewares/Third_Party/FatFs/src/ff.o
 .text.enq_lock
                0x0000000008007e28       0x3c ./Middlewares/Third_Party/FatFs/src/ff.o
 .text.inc_lock
                0x0000000008007e64      0x114 ./Middlewares/Third_Party/FatFs/src/ff.o
 .text.dec_lock
                0x0000000008007f78       0x94 ./Middlewares/Third_Party/FatFs/src/ff.o
 .text.clear_lock
                0x000000000800800c       0x40 ./Middlewares/Third_Party/FatFs/src/ff.o
 .text.sync_window
                0x000000000800804c       0x90 ./Middlewares/Third_Party/FatFs/src/ff.o
 .text.move_window
                0x00000000080080dc       0x6a ./Middlewares/Third_Party/FatFs/src/ff.o
 *fill*         0x0000000008008146        0x2 
 .text.sync_fs  0x0000000008008148       0xf8 ./Middlewares/Third_Party/FatFs/src/ff.o
 .text.clust2sect
                0x0000000008008240       0x38 ./Middlewares/Third_Party/FatFs/src/ff.o
 .text.get_fat  0x0000000008008278      0x156 ./Middlewares/Third_Party/FatFs/src/ff.o
 .text.put_fat  0x00000000080083ce      0x202 ./Middlewares/Third_Party/FatFs/src/ff.o
 .text.remove_chain
                0x00000000080085d0       0xe6 ./Middlewares/Third_Party/FatFs/src/ff.o
 .text.create_chain
                0x00000000080086b6      0x14c ./Middlewares/Third_Party/FatFs/src/ff.o
 .text.clmt_clust
                0x0000000008008802       0x6a ./Middlewares/Third_Party/FatFs/src/ff.o
 .text.dir_sdi  0x000000000800886c       0xfc ./Middlewares/Third_Party/FatFs/src/ff.o
 .text.dir_next
                0x0000000008008968      0x192 ./Middlewares/Third_Party/FatFs/src/ff.o
 .text.dir_alloc
                0x0000000008008afa       0xb0 ./Middlewares/Third_Party/FatFs/src/ff.o
 .text.ld_clust
                0x0000000008008baa       0x3e ./Middlewares/Third_Party/FatFs/src/ff.o
 .text.st_clust
                0x0000000008008be8       0x40 ./Middlewares/Third_Party/FatFs/src/ff.o
 .text.cmp_lfn  0x0000000008008c28      0x100 ./Middlewares/Third_Party/FatFs/src/ff.o
 .text.put_lfn  0x0000000008008d28       0xf0 ./Middlewares/Third_Party/FatFs/src/ff.o
 .text.gen_numname
                0x0000000008008e18      0x128 ./Middlewares/Third_Party/FatFs/src/ff.o
 .text.sum_sfn  0x0000000008008f40       0x4a ./Middlewares/Third_Party/FatFs/src/ff.o
 .text.dir_find
                0x0000000008008f8a      0x1f6 ./Middlewares/Third_Party/FatFs/src/ff.o
 .text.dir_register
                0x0000000008009180      0x220 ./Middlewares/Third_Party/FatFs/src/ff.o
 .text.create_name
                0x00000000080093a0      0x408 ./Middlewares/Third_Party/FatFs/src/ff.o
 .text.follow_path
                0x00000000080097a8      0x10a ./Middlewares/Third_Party/FatFs/src/ff.o
 .text.get_ldnumber
                0x00000000080098b2       0x84 ./Middlewares/Third_Party/FatFs/src/ff.o
 *fill*         0x0000000008009936        0x2 
 .text.check_fs
                0x0000000008009938       0xb0 ./Middlewares/Third_Party/FatFs/src/ff.o
 .text.find_volume
                0x00000000080099e8      0x4e8 ./Middlewares/Third_Party/FatFs/src/ff.o
 .text.validate
                0x0000000008009ed0       0x78 ./Middlewares/Third_Party/FatFs/src/ff.o
 .text.f_mount  0x0000000008009f48       0x98 ./Middlewares/Third_Party/FatFs/src/ff.o
                0x0000000008009f48                f_mount
 .text.f_open   0x0000000008009fe0      0x3e8 ./Middlewares/Third_Party/FatFs/src/ff.o
                0x0000000008009fe0                f_open
 .text.f_write  0x000000000800a3c8      0x2f4 ./Middlewares/Third_Party/FatFs/src/ff.o
                0x000000000800a3c8                f_write
 .text.f_sync   0x000000000800a6bc      0x112 ./Middlewares/Third_Party/FatFs/src/ff.o
                0x000000000800a6bc                f_sync
 .text.f_close  0x000000000800a7ce       0x68 ./Middlewares/Third_Party/FatFs/src/ff.o
                0x000000000800a7ce                f_close
 *fill*         0x000000000800a836        0x2 
 .text.FATFS_LinkDriverEx
                0x000000000800a838       0xa8 ./Middlewares/Third_Party/FatFs/src/ff_gen_drv.o
                0x000000000800a838                FATFS_LinkDriverEx
 .text.FATFS_LinkDriver
                0x000000000800a8e0       0x20 ./Middlewares/Third_Party/FatFs/src/ff_gen_drv.o
                0x000000000800a8e0                FATFS_LinkDriver
 .text.ff_convert
                0x000000000800a900       0xa4 ./Middlewares/Third_Party/FatFs/src/option/ccsbcs.o
                0x000000000800a900                ff_convert
 .text.ff_wtoupper
                0x000000000800a9a4      0x160 ./Middlewares/Third_Party/FatFs/src/option/ccsbcs.o
                0x000000000800a9a4                ff_wtoupper
 .text.sprintf  0x000000000800ab04       0x40 C:/ST/STM32CubeIDE_1.13.2/STM32CubeIDE/plugins/com.st.stm32cube.ide.mcu.externaltools.gnu-tools-for-stm32.11.3.rel1.win32_1.1.100.202309141235/tools/bin/../lib/gcc/arm-none-eabi/11.3.1/../../../../arm-none-eabi/lib/thumb/v6-m/nofp\libc_nano.a(libc_a-sprintf.o)
                0x000000000800ab04                siprintf
                0x000000000800ab04                sprintf
 .text.memset   0x000000000800ab44       0x10 C:/ST/STM32CubeIDE_1.13.2/STM32CubeIDE/plugins/com.st.stm32cube.ide.mcu.externaltools.gnu-tools-for-stm32.11.3.rel1.win32_1.1.100.202309141235/tools/bin/../lib/gcc/arm-none-eabi/11.3.1/../../../../arm-none-eabi/lib/thumb/v6-m/nofp\libc_nano.a(libc_a-memset.o)
                0x000000000800ab44                memset
 .text.__errno  0x000000000800ab54        0xc C:/ST/STM32CubeIDE_1.13.2/STM32CubeIDE/plugins/com.st.stm32cube.ide.mcu.externaltools.gnu-tools-for-stm32.11.3.rel1.win32_1.1.100.202309141235/tools/bin/../lib/gcc/arm-none-eabi/11.3.1/../../../../arm-none-eabi/lib/thumb/v6-m/nofp\libc_nano.a(libc_a-errno.o)
                0x000000000800ab54                __errno
 .text.__libc_init_array
                0x000000000800ab60       0x48 C:/ST/STM32CubeIDE_1.13.2/STM32CubeIDE/plugins/com.st.stm32cube.ide.mcu.externaltools.gnu-tools-for-stm32.11.3.rel1.win32_1.1.100.202309141235/tools/bin/../lib/gcc/arm-none-eabi/11.3.1/../../../../arm-none-eabi/lib/thumb/v6-m/nofp\libc_nano.a(libc_a-init.o)
                0x000000000800ab60                __libc_init_array
 .text.__retarget_lock_acquire_recursive
                0x000000000800aba8        0x2 C:/ST/STM32CubeIDE_1.13.2/STM32CubeIDE/plugins/com.st.stm32cube.ide.mcu.externaltools.gnu-tools-for-stm32.11.3.rel1.win32_1.1.100.202309141235/tools/bin/../lib/gcc/arm-none-eabi/11.3.1/../../../../arm-none-eabi/lib/thumb/v6-m/nofp\libc_nano.a(libc_a-lock.o)
                0x000000000800aba8                __retarget_lock_acquire_recursive
 .text.__retarget_lock_release_recursive
                0x000000000800abaa        0x2 C:/ST/STM32CubeIDE_1.13.2/STM32CubeIDE/plugins/com.st.stm32cube.ide.mcu.externaltools.gnu-tools-for-stm32.11.3.rel1.win32_1.1.100.202309141235/tools/bin/../lib/gcc/arm-none-eabi/11.3.1/../../../../arm-none-eabi/lib/thumb/v6-m/nofp\libc_nano.a(libc_a-lock.o)
                0x000000000800abaa                __retarget_lock_release_recursive
 .text._free_r  0x000000000800abac       0x94 C:/ST/STM32CubeIDE_1.13.2/STM32CubeIDE/plugins/com.st.stm32cube.ide.mcu.externaltools.gnu-tools-for-stm32.11.3.rel1.win32_1.1.100.202309141235/tools/bin/../lib/gcc/arm-none-eabi/11.3.1/../../../../arm-none-eabi/lib/thumb/v6-m/nofp\libc_nano.a(libc_a-freer.o)
                0x000000000800abac                _free_r
 .text.sbrk_aligned
                0x000000000800ac40       0x44 C:/ST/STM32CubeIDE_1.13.2/STM32CubeIDE/plugins/com.st.stm32cube.ide.mcu.externaltools.gnu-tools-for-stm32.11.3.rel1.win32_1.1.100.202309141235/tools/bin/../lib/gcc/arm-none-eabi/11.3.1/../../../../arm-none-eabi/lib/thumb/v6-m/nofp\libc_nano.a(libc_a-mallocr.o)
 .text._malloc_r
                0x000000000800ac84      0x104 C:/ST/STM32CubeIDE_1.13.2/STM32CubeIDE/plugins/com.st.stm32cube.ide.mcu.externaltools.gnu-tools-for-stm32.11.3.rel1.win32_1.1.100.202309141235/tools/bin/../lib/gcc/arm-none-eabi/11.3.1/../../../../arm-none-eabi/lib/thumb/v6-m/nofp\libc_nano.a(libc_a-mallocr.o)
                0x000000000800ac84                _malloc_r
 .text.__malloc_lock
                0x000000000800ad88       0x10 C:/ST/STM32CubeIDE_1.13.2/STM32CubeIDE/plugins/com.st.stm32cube.ide.mcu.externaltools.gnu-tools-for-stm32.11.3.rel1.win32_1.1.100.202309141235/tools/bin/../lib/gcc/arm-none-eabi/11.3.1/../../../../arm-none-eabi/lib/thumb/v6-m/nofp\libc_nano.a(libc_a-mlock.o)
                0x000000000800ad88                __malloc_lock
 .text.__malloc_unlock
                0x000000000800ad98       0x10 C:/ST/STM32CubeIDE_1.13.2/STM32CubeIDE/plugins/com.st.stm32cube.ide.mcu.externaltools.gnu-tools-for-stm32.11.3.rel1.win32_1.1.100.202309141235/tools/bin/../lib/gcc/arm-none-eabi/11.3.1/../../../../arm-none-eabi/lib/thumb/v6-m/nofp\libc_nano.a(libc_a-mlock.o)
                0x000000000800ad98                __malloc_unlock
 .text.__ssputs_r
                0x000000000800ada8       0xc4 C:/ST/STM32CubeIDE_1.13.2/STM32CubeIDE/plugins/com.st.stm32cube.ide.mcu.externaltools.gnu-tools-for-stm32.11.3.rel1.win32_1.1.100.202309141235/tools/bin/../lib/gcc/arm-none-eabi/11.3.1/../../../../arm-none-eabi/lib/thumb/v6-m/nofp\libc_nano.a(libc_a-nano-svfprintf.o)
                0x000000000800ada8                __ssputs_r
 .text._svfprintf_r
                0x000000000800ae6c      0x200 C:/ST/STM32CubeIDE_1.13.2/STM32CubeIDE/plugins/com.st.stm32cube.ide.mcu.externaltools.gnu-tools-for-stm32.11.3.rel1.win32_1.1.100.202309141235/tools/bin/../lib/gcc/arm-none-eabi/11.3.1/../../../../arm-none-eabi/lib/thumb/v6-m/nofp\libc_nano.a(libc_a-nano-svfprintf.o)
                0x000000000800ae6c                _svfiprintf_r
                0x000000000800ae6c                _svfprintf_r
 .text._printf_common
                0x000000000800b06c       0xde C:/ST/STM32CubeIDE_1.13.2/STM32CubeIDE/plugins/com.st.stm32cube.ide.mcu.externaltools.gnu-tools-for-stm32.11.3.rel1.win32_1.1.100.202309141235/tools/bin/../lib/gcc/arm-none-eabi/11.3.1/../../../../arm-none-eabi/lib/thumb/v6-m/nofp\libc_nano.a(libc_a-nano-vfprintf_i.o)
                0x000000000800b06c                _printf_common
 *fill*         0x000000000800b14a        0x2 
 .text._printf_i
                0x000000000800b14c      0x220 C:/ST/STM32CubeIDE_1.13.2/STM32CubeIDE/plugins/com.st.stm32cube.ide.mcu.externaltools.gnu-tools-for-stm32.11.3.rel1.win32_1.1.100.202309141235/tools/bin/../lib/gcc/arm-none-eabi/11.3.1/../../../../arm-none-eabi/lib/thumb/v6-m/nofp\libc_nano.a(libc_a-nano-vfprintf_i.o)
                0x000000000800b14c                _printf_i
 .text.memmove  0x000000000800b36c       0x26 C:/ST/STM32CubeIDE_1.13.2/STM32CubeIDE/plugins/com.st.stm32cube.ide.mcu.externaltools.gnu-tools-for-stm32.11.3.rel1.win32_1.1.100.202309141235/tools/bin/../lib/gcc/arm-none-eabi/11.3.1/../../../../arm-none-eabi/lib/thumb/v6-m/nofp\libc_nano.a(libc_a-memmove.o)
                0x000000000800b36c                memmove
 *fill*         0x000000000800b392        0x2 
 .text._sbrk_r  0x000000000800b394       0x24 C:/ST/STM32CubeIDE_1.13.2/STM32CubeIDE/plugins/com.st.stm32cube.ide.mcu.externaltools.gnu-tools-for-stm32.11.3.rel1.win32_1.1.100.202309141235/tools/bin/../lib/gcc/arm-none-eabi/11.3.1/../../../../arm-none-eabi/lib/thumb/v6-m/nofp\libc_nano.a(libc_a-sbrkr.o)
                0x000000000800b394                _sbrk_r
 .text.memchr   0x000000000800b3b8       0x16 C:/ST/STM32CubeIDE_1.13.2/STM32CubeIDE/plugins/com.st.stm32cube.ide.mcu.externaltools.gnu-tools-for-stm32.11.3.rel1.win32_1.1.100.202309141235/tools/bin/../lib/gcc/arm-none-eabi/11.3.1/../../../../arm-none-eabi/lib/thumb/v6-m/nofp\libc_nano.a(libc_a-memchr-stub.o)
                0x000000000800b3b8                memchr
 .text.memcpy   0x000000000800b3ce       0x12 C:/ST/STM32CubeIDE_1.13.2/STM32CubeIDE/plugins/com.st.stm32cube.ide.mcu.externaltools.gnu-tools-for-stm32.11.3.rel1.win32_1.1.100.202309141235/tools/bin/../lib/gcc/arm-none-eabi/11.3.1/../../../../arm-none-eabi/lib/thumb/v6-m/nofp\libc_nano.a(libc_a-memcpy-stub.o)
                0x000000000800b3ce                memcpy
 .text._realloc_r
                0x000000000800b3e0       0x5e C:/ST/STM32CubeIDE_1.13.2/STM32CubeIDE/plugins/com.st.stm32cube.ide.mcu.externaltools.gnu-tools-for-stm32.11.3.rel1.win32_1.1.100.202309141235/tools/bin/../lib/gcc/arm-none-eabi/11.3.1/../../../../arm-none-eabi/lib/thumb/v6-m/nofp\libc_nano.a(libc_a-reallocr.o)
                0x000000000800b3e0                _realloc_r
 .text._malloc_usable_size_r
                0x000000000800b43e       0x10 C:/ST/STM32CubeIDE_1.13.2/STM32CubeIDE/plugins/com.st.stm32cube.ide.mcu.externaltools.gnu-tools-for-stm32.11.3.rel1.win32_1.1.100.202309141235/tools/bin/../lib/gcc/arm-none-eabi/11.3.1/../../../../arm-none-eabi/lib/thumb/v6-m/nofp\libc_nano.a(libc_a-msizer.o)
                0x000000000800b43e                _malloc_usable_size_r
 *(.glue_7)
 .glue_7        0x000000000800b44e        0x0 linker stubs
 *(.glue_7t)
 .glue_7t       0x000000000800b44e        0x0 linker stubs
 *(.eh_frame)
 *fill*         0x000000000800b44e        0x2 
 .eh_frame      0x000000000800b450        0x0 C:/ST/STM32CubeIDE_1.13.2/STM32CubeIDE/plugins/com.st.stm32cube.ide.mcu.externaltools.gnu-tools-for-stm32.11.3.rel1.win32_1.1.100.202309141235/tools/bin/../lib/gcc/arm-none-eabi/11.3.1/thumb/v6-m/nofp/crtbegin.o
 *(.init)
 .init          0x000000000800b450        0x4 C:/ST/STM32CubeIDE_1.13.2/STM32CubeIDE/plugins/com.st.stm32cube.ide.mcu.externaltools.gnu-tools-for-stm32.11.3.rel1.win32_1.1.100.202309141235/tools/bin/../lib/gcc/arm-none-eabi/11.3.1/thumb/v6-m/nofp/crti.o
                0x000000000800b450                _init
 .init          0x000000000800b454        0x8 C:/ST/STM32CubeIDE_1.13.2/STM32CubeIDE/plugins/com.st.stm32cube.ide.mcu.externaltools.gnu-tools-for-stm32.11.3.rel1.win32_1.1.100.202309141235/tools/bin/../lib/gcc/arm-none-eabi/11.3.1/thumb/v6-m/nofp/crtn.o
 *(.fini)
 .fini          0x000000000800b45c        0x4 C:/ST/STM32CubeIDE_1.13.2/STM32CubeIDE/plugins/com.st.stm32cube.ide.mcu.externaltools.gnu-tools-for-stm32.11.3.rel1.win32_1.1.100.202309141235/tools/bin/../lib/gcc/arm-none-eabi/11.3.1/thumb/v6-m/nofp/crti.o
                0x000000000800b45c                _fini
 .fini          0x000000000800b460        0x8 C:/ST/STM32CubeIDE_1.13.2/STM32CubeIDE/plugins/com.st.stm32cube.ide.mcu.externaltools.gnu-tools-for-stm32.11.3.rel1.win32_1.1.100.202309141235/tools/bin/../lib/gcc/arm-none-eabi/11.3.1/thumb/v6-m/nofp/crtn.o
                0x000000000800b468                . = ALIGN (0x4)
                0x000000000800b468                _etext = .

.vfp11_veneer   0x000000000800b468        0x0
 .vfp11_veneer  0x000000000800b468        0x0 linker stubs

.v4_bx          0x000000000800b468        0x0
 .v4_bx         0x000000000800b468        0x0 linker stubs

.iplt           0x000000000800b468        0x0
 .iplt          0x000000000800b468        0x0 C:/ST/STM32CubeIDE_1.13.2/STM32CubeIDE/plugins/com.st.stm32cube.ide.mcu.externaltools.gnu-tools-for-stm32.11.3.rel1.win32_1.1.100.202309141235/tools/bin/../lib/gcc/arm-none-eabi/11.3.1/thumb/v6-m/nofp/crtbegin.o

.rodata         0x000000000800b468      0xd18
                0x000000000800b468                . = ALIGN (0x4)
 *(.rodata)
 .rodata        0x000000000800b468       0xc4 ./Core/Src/main.o
 .rodata        0x000000000800b52c       0x15 ./Drivers/SD_CARD/sd_card.o
 *fill*         0x000000000800b541        0x3 
 .rodata        0x000000000800b544       0x48 ./Middlewares/Third_Party/FatFs/src/ff.o
 *(.rodata*)
 .rodata.AHBPrescTable
                0x000000000800b58c       0x10 ./Core/Src/system_stm32l0xx.o
                0x000000000800b58c                AHBPrescTable
 .rodata.APBPrescTable
                0x000000000800b59c        0x8 ./Core/Src/system_stm32l0xx.o
                0x000000000800b59c                APBPrescTable
 .rodata.PLLMulTable
                0x000000000800b5a4        0x9 ./Core/Src/system_stm32l0xx.o
                0x000000000800b5a4                PLLMulTable
 *fill*         0x000000000800b5ad        0x3 
 .rodata.OV2640_QVGA
                0x000000000800b5b0      0x308 ./Drivers/ArduCAM/ArduCAM.o
                0x000000000800b5b0                OV2640_QVGA
 .rodata.OV2640_JPEG_INIT
                0x000000000800b8b8      0x2fc ./Drivers/ArduCAM/ArduCAM.o
                0x000000000800b8b8                OV2640_JPEG_INIT
 .rodata.OV2640_YUV422
                0x000000000800bbb4       0x28 ./Drivers/ArduCAM/ArduCAM.o
                0x000000000800bbb4                OV2640_YUV422
 .rodata.OV2640_JPEG
                0x000000000800bbdc       0x24 ./Drivers/ArduCAM/ArduCAM.o
                0x000000000800bbdc                OV2640_JPEG
 .rodata.OV2640_320x240_JPEG
                0x000000000800bc00       0xa0 ./Drivers/ArduCAM/ArduCAM.o
                0x000000000800bc00                OV2640_320x240_JPEG
 .rodata.UART_SetConfig
                0x000000000800bca0       0x48 ./Drivers/STM32L0xx_HAL_Driver/Src/stm32l0xx_hal_uart.o
 .rodata.ExCvt  0x000000000800bce8       0x80 ./Middlewares/Third_Party/FatFs/src/ff.o
 .rodata.LfnOfs
                0x000000000800bd68        0xd ./Middlewares/Third_Party/FatFs/src/ff.o
 *fill*         0x000000000800bd75        0x3 
 .rodata.Tbl    0x000000000800bd78      0x100 ./Middlewares/Third_Party/FatFs/src/option/ccsbcs.o
 .rodata.ff_wtoupper
                0x000000000800be78       0x24 ./Middlewares/Third_Party/FatFs/src/option/ccsbcs.o
 .rodata.cvt1.1
                0x000000000800be9c      0x1f2 ./Middlewares/Third_Party/FatFs/src/option/ccsbcs.o
 *fill*         0x000000000800c08e        0x2 
 .rodata.cvt2.0
                0x000000000800c090       0xbc ./Middlewares/Third_Party/FatFs/src/option/ccsbcs.o
 .rodata._svfprintf_r.str1.1
                0x000000000800c14c       0x11 C:/ST/STM32CubeIDE_1.13.2/STM32CubeIDE/plugins/com.st.stm32cube.ide.mcu.externaltools.gnu-tools-for-stm32.11.3.rel1.win32_1.1.100.202309141235/tools/bin/../lib/gcc/arm-none-eabi/11.3.1/../../../../arm-none-eabi/lib/thumb/v6-m/nofp\libc_nano.a(libc_a-nano-svfprintf.o)
 .rodata._printf_i.str1.1
                0x000000000800c15d       0x22 C:/ST/STM32CubeIDE_1.13.2/STM32CubeIDE/plugins/com.st.stm32cube.ide.mcu.externaltools.gnu-tools-for-stm32.11.3.rel1.win32_1.1.100.202309141235/tools/bin/../lib/gcc/arm-none-eabi/11.3.1/../../../../arm-none-eabi/lib/thumb/v6-m/nofp\libc_nano.a(libc_a-nano-vfprintf_i.o)
                0x000000000800c180                . = ALIGN (0x4)
 *fill*         0x000000000800c17f        0x1 

.ARM.extab      0x000000000800c180        0x0
                0x000000000800c180                . = ALIGN (0x4)
 *(.ARM.extab* .gnu.linkonce.armextab.*)
                0x000000000800c180                . = ALIGN (0x4)

.ARM            0x000000000800c180        0x8
                0x000000000800c180                . = ALIGN (0x4)
                0x000000000800c180                __exidx_start = .
 *(.ARM.exidx*)
 .ARM.exidx     0x000000000800c180        0x8 C:/ST/STM32CubeIDE_1.13.2/STM32CubeIDE/plugins/com.st.stm32cube.ide.mcu.externaltools.gnu-tools-for-stm32.11.3.rel1.win32_1.1.100.202309141235/tools/bin/../lib/gcc/arm-none-eabi/11.3.1/thumb/v6-m/nofp\libgcc.a(_udivmoddi4.o)
                0x000000000800c188                __exidx_end = .
                0x000000000800c188                . = ALIGN (0x4)

.rel.dyn        0x000000000800c188        0x0
 .rel.iplt      0x000000000800c188        0x0 C:/ST/STM32CubeIDE_1.13.2/STM32CubeIDE/plugins/com.st.stm32cube.ide.mcu.externaltools.gnu-tools-for-stm32.11.3.rel1.win32_1.1.100.202309141235/tools/bin/../lib/gcc/arm-none-eabi/11.3.1/thumb/v6-m/nofp/crtbegin.o

.preinit_array  0x000000000800c188        0x0
                0x000000000800c188                . = ALIGN (0x4)
                0x000000000800c188                PROVIDE (__preinit_array_start = .)
 *(.preinit_array*)
                0x000000000800c188                PROVIDE (__preinit_array_end = .)
                0x000000000800c188                . = ALIGN (0x4)

.init_array     0x000000000800c188        0x4
                0x000000000800c188                . = ALIGN (0x4)
                0x000000000800c188                PROVIDE (__init_array_start = .)
 *(SORT_BY_NAME(.init_array.*))
 *(.init_array*)
 .init_array    0x000000000800c188        0x4 C:/ST/STM32CubeIDE_1.13.2/STM32CubeIDE/plugins/com.st.stm32cube.ide.mcu.externaltools.gnu-tools-for-stm32.11.3.rel1.win32_1.1.100.202309141235/tools/bin/../lib/gcc/arm-none-eabi/11.3.1/thumb/v6-m/nofp/crtbegin.o
                0x000000000800c18c                PROVIDE (__init_array_end = .)
                0x000000000800c18c                . = ALIGN (0x4)

.fini_array     0x000000000800c18c        0x4
                0x000000000800c18c                . = ALIGN (0x4)
                [!provide]                        PROVIDE (__fini_array_start = .)
 *(SORT_BY_NAME(.fini_array.*))
 *(.fini_array*)
 .fini_array    0x000000000800c18c        0x4 C:/ST/STM32CubeIDE_1.13.2/STM32CubeIDE/plugins/com.st.stm32cube.ide.mcu.externaltools.gnu-tools-for-stm32.11.3.rel1.win32_1.1.100.202309141235/tools/bin/../lib/gcc/arm-none-eabi/11.3.1/thumb/v6-m/nofp/crtbegin.o
                [!provide]                        PROVIDE (__fini_array_end = .)
                0x000000000800c190                . = ALIGN (0x4)
                0x000000000800c190                _sidata = LOADADDR (.data)

.data           0x0000000020000000       0x7c load address 0x000000000800c190
                0x0000000020000000                . = ALIGN (0x4)
                0x0000000020000000                _sdata = .
 *(.data)
 *(.data*)
 .data.SD_Status
                0x0000000020000000        0x1 ./Core/Src/main.o
                0x0000000020000000                SD_Status
 *fill*         0x0000000020000001        0x3 
 .data.SystemCoreClock
                0x0000000020000004        0x4 ./Core/Src/system_stm32l0xx.o
                0x0000000020000004                SystemCoreClock
 .data.sensor_addr
                0x0000000020000008        0x1 ./Drivers/ArduCAM/ArduCAM.o
                0x0000000020000008                sensor_addr
 .data.m_fmt    0x0000000020000009        0x1 ./Drivers/ArduCAM/ArduCAM.o
                0x0000000020000009                m_fmt
 *fill*         0x000000002000000a        0x2 
 .data.uwTickPrio
                0x000000002000000c        0x4 ./Drivers/STM32L0xx_HAL_Driver/Src/stm32l0xx_hal.o
                0x000000002000000c                uwTickPrio
 .data.uwTickFreq
                0x0000000020000010        0x1 ./Drivers/STM32L0xx_HAL_Driver/Src/stm32l0xx_hal.o
                0x0000000020000010                uwTickFreq
 *fill*         0x0000000020000011        0x3 
 .data.USER_Driver
                0x0000000020000014       0x14 ./FATFS/Target/user_diskio.o
                0x0000000020000014                USER_Driver
 .data.Stat     0x0000000020000028        0x1 ./FATFS/Target/user_diskio_spi.o
 *fill*         0x0000000020000029        0x3 
 .data._impure_data
                0x000000002000002c       0x4c C:/ST/STM32CubeIDE_1.13.2/STM32CubeIDE/plugins/com.st.stm32cube.ide.mcu.externaltools.gnu-tools-for-stm32.11.3.rel1.win32_1.1.100.202309141235/tools/bin/../lib/gcc/arm-none-eabi/11.3.1/../../../../arm-none-eabi/lib/thumb/v6-m/nofp\libc_nano.a(libc_a-impure.o)
                0x000000002000002c                _impure_data
 .data._impure_ptr
                0x0000000020000078        0x4 C:/ST/STM32CubeIDE_1.13.2/STM32CubeIDE/plugins/com.st.stm32cube.ide.mcu.externaltools.gnu-tools-for-stm32.11.3.rel1.win32_1.1.100.202309141235/tools/bin/../lib/gcc/arm-none-eabi/11.3.1/../../../../arm-none-eabi/lib/thumb/v6-m/nofp\libc_nano.a(libc_a-impure.o)
                0x0000000020000078                _impure_ptr
 *(.RamFunc)
 *(.RamFunc*)
                0x000000002000007c                . = ALIGN (0x4)
                0x000000002000007c                _edata = .

.igot.plt       0x000000002000007c        0x0 load address 0x000000000800c20c
 .igot.plt      0x000000002000007c        0x0 C:/ST/STM32CubeIDE_1.13.2/STM32CubeIDE/plugins/com.st.stm32cube.ide.mcu.externaltools.gnu-tools-for-stm32.11.3.rel1.win32_1.1.100.202309141235/tools/bin/../lib/gcc/arm-none-eabi/11.3.1/thumb/v6-m/nofp/crtbegin.o
                0x000000002000007c                . = ALIGN (0x4)

.bss            0x000000002000007c      0xd2c load address 0x000000000800c20c
                0x000000002000007c                _sbss = .
                0x000000002000007c                __bss_start__ = _sbss
 *(.bss)
 .bss           0x000000002000007c       0x1c C:/ST/STM32CubeIDE_1.13.2/STM32CubeIDE/plugins/com.st.stm32cube.ide.mcu.externaltools.gnu-tools-for-stm32.11.3.rel1.win32_1.1.100.202309141235/tools/bin/../lib/gcc/arm-none-eabi/11.3.1/thumb/v6-m/nofp/crtbegin.o
 *(.bss*)
 .bss.hadc      0x0000000020000098       0x5c ./Core/Src/main.o
                0x0000000020000098                hadc
 .bss.hdma_adc  0x00000000200000f4       0x48 ./Core/Src/main.o
                0x00000000200000f4                hdma_adc
 .bss.hi2c1     0x000000002000013c       0x54 ./Core/Src/main.o
                0x000000002000013c                hi2c1
 .bss.hspi1     0x0000000020000190       0x58 ./Core/Src/main.o
                0x0000000020000190                hspi1
 .bss.hspi2     0x00000000200001e8       0x58 ./Core/Src/main.o
                0x00000000200001e8                hspi2
 .bss.hdma_spi1_rx
                0x0000000020000240       0x48 ./Core/Src/main.o
                0x0000000020000240                hdma_spi1_rx
 .bss.hdma_spi1_tx
                0x0000000020000288       0x48 ./Core/Src/main.o
                0x0000000020000288                hdma_spi1_tx
 .bss.htim2     0x00000000200002d0       0x40 ./Core/Src/main.o
                0x00000000200002d0                htim2
 .bss.huart2    0x0000000020000310       0x88 ./Core/Src/main.o
                0x0000000020000310                huart2
 .bss.DMA_Complet
                0x0000000020000398        0x1 ./Core/Src/main.o
                0x0000000020000398                DMA_Complet
 .bss.is_header
                0x0000000020000399        0x1 ./Core/Src/main.o
                0x0000000020000399                is_header
 *fill*         0x000000002000039a        0x2 
 .bss.adc_buffer
                0x000000002000039c      0x200 ./Core/Src/main.o
                0x000000002000039c                adc_buffer
 .bss.adc_flag  0x000000002000059c        0x1 ./Core/Src/main.o
                0x000000002000059c                adc_flag
 .bss.audio_header_flag
                0x000000002000059d        0x1 ./Core/Src/main.o
                0x000000002000059d                audio_header_flag
 .bss.audio_foot_flag
                0x000000002000059e        0x1 ./Core/Src/main.o
                0x000000002000059e                audio_foot_flag
 *fill*         0x000000002000059f        0x1 
 .bss.__sbrk_heap_end
                0x00000000200005a0        0x4 ./Core/Src/sysmem.o
 .bss.vid       0x00000000200005a4        0x1 ./Drivers/ArduCAM/ArduCAM.o
                0x00000000200005a4                vid
 .bss.pid       0x00000000200005a5        0x1 ./Drivers/ArduCAM/ArduCAM.o
                0x00000000200005a5                pid
 *fill*         0x00000000200005a6        0x2 
 .bss.FatFs     0x00000000200005a8      0x234 ./Drivers/SD_CARD/sd_card.o
                0x00000000200005a8                FatFs
 .bss.Fil       0x00000000200007dc      0x230 ./Drivers/SD_CARD/sd_card.o
                0x00000000200007dc                Fil
 .bss.FR_Status
                0x0000000020000a0c        0x1 ./Drivers/SD_CARD/sd_card.o
                0x0000000020000a0c                FR_Status
 *fill*         0x0000000020000a0d        0x3 
 .bss.WWC       0x0000000020000a10        0x4 ./Drivers/SD_CARD/sd_card.o
                0x0000000020000a10                WWC
 .bss.uwTick    0x0000000020000a14        0x4 ./Drivers/STM32L0xx_HAL_Driver/Src/stm32l0xx_hal.o
                0x0000000020000a14                uwTick
 .bss.retUSER   0x0000000020000a18        0x1 ./FATFS/App/fatfs.o
                0x0000000020000a18                retUSER
 *fill*         0x0000000020000a19        0x3 
 .bss.USERPath  0x0000000020000a1c        0x4 ./FATFS/App/fatfs.o
                0x0000000020000a1c                USERPath
 .bss.CardType  0x0000000020000a20        0x1 ./FATFS/Target/user_diskio_spi.o
 *fill*         0x0000000020000a21        0x3 
 .bss.spiTimerTickStart
                0x0000000020000a24        0x4 ./FATFS/Target/user_diskio_spi.o
                0x0000000020000a24                spiTimerTickStart
 .bss.spiTimerTickDelay
                0x0000000020000a28        0x4 ./FATFS/Target/user_diskio_spi.o
                0x0000000020000a28                spiTimerTickDelay
 .bss.FatFs     0x0000000020000a2c        0x4 ./Middlewares/Third_Party/FatFs/src/ff.o
 .bss.Fsid      0x0000000020000a30        0x2 ./Middlewares/Third_Party/FatFs/src/ff.o
 *fill*         0x0000000020000a32        0x2 
 .bss.Files     0x0000000020000a34       0x20 ./Middlewares/Third_Party/FatFs/src/ff.o
 .bss.LfnBuf    0x0000000020000a54      0x200 ./Middlewares/Third_Party/FatFs/src/ff.o
 .bss.disk      0x0000000020000c54        0xc ./Middlewares/Third_Party/FatFs/src/ff_gen_drv.o
                0x0000000020000c54                disk
 .bss.__sf      0x0000000020000c60      0x138 C:/ST/STM32CubeIDE_1.13.2/STM32CubeIDE/plugins/com.st.stm32cube.ide.mcu.externaltools.gnu-tools-for-stm32.11.3.rel1.win32_1.1.100.202309141235/tools/bin/../lib/gcc/arm-none-eabi/11.3.1/../../../../arm-none-eabi/lib/thumb/v6-m/nofp\libc_nano.a(libc_a-findfp.o)
                0x0000000020000c60                __sf
 .bss.errno     0x0000000020000d98        0x4 C:/ST/STM32CubeIDE_1.13.2/STM32CubeIDE/plugins/com.st.stm32cube.ide.mcu.externaltools.gnu-tools-for-stm32.11.3.rel1.win32_1.1.100.202309141235/tools/bin/../lib/gcc/arm-none-eabi/11.3.1/../../../../arm-none-eabi/lib/thumb/v6-m/nofp\libc_nano.a(libc_a-reent.o)
                0x0000000020000d98                errno
 .bss.__lock___malloc_recursive_mutex
                0x0000000020000d9c        0x1 C:/ST/STM32CubeIDE_1.13.2/STM32CubeIDE/plugins/com.st.stm32cube.ide.mcu.externaltools.gnu-tools-for-stm32.11.3.rel1.win32_1.1.100.202309141235/tools/bin/../lib/gcc/arm-none-eabi/11.3.1/../../../../arm-none-eabi/lib/thumb/v6-m/nofp\libc_nano.a(libc_a-lock.o)
                0x0000000020000d9c                __lock___malloc_recursive_mutex
 *fill*         0x0000000020000d9d        0x3 
 .bss.__malloc_free_list
                0x0000000020000da0        0x4 C:/ST/STM32CubeIDE_1.13.2/STM32CubeIDE/plugins/com.st.stm32cube.ide.mcu.externaltools.gnu-tools-for-stm32.11.3.rel1.win32_1.1.100.202309141235/tools/bin/../lib/gcc/arm-none-eabi/11.3.1/../../../../arm-none-eabi/lib/thumb/v6-m/nofp\libc_nano.a(libc_a-mallocr.o)
                0x0000000020000da0                __malloc_free_list
 .bss.__malloc_sbrk_start
                0x0000000020000da4        0x4 C:/ST/STM32CubeIDE_1.13.2/STM32CubeIDE/plugins/com.st.stm32cube.ide.mcu.externaltools.gnu-tools-for-stm32.11.3.rel1.win32_1.1.100.202309141235/tools/bin/../lib/gcc/arm-none-eabi/11.3.1/../../../../arm-none-eabi/lib/thumb/v6-m/nofp\libc_nano.a(libc_a-mallocr.o)
                0x0000000020000da4                __malloc_sbrk_start
 *(COMMON)
                0x0000000020000da8                . = ALIGN (0x4)
                0x0000000020000da8                _ebss = .
                0x0000000020000da8                __bss_end__ = _ebss

._user_heap_stack
                0x0000000020000da8      0x600 load address 0x000000000800c20c
                0x0000000020000da8                . = ALIGN (0x8)
                [!provide]                        PROVIDE (end = .)
                0x0000000020000da8                PROVIDE (_end = .)
                0x0000000020000fa8                . = (. + _Min_Heap_Size)
 *fill*         0x0000000020000da8      0x200 
                0x00000000200013a8                . = (. + _Min_Stack_Size)
 *fill*         0x0000000020000fa8      0x400 
                0x00000000200013a8                . = ALIGN (0x8)

/DISCARD/
 libc.a(*)
 libm.a(*)
 libgcc.a(*)

.ARM.attributes
                0x0000000000000000       0x28
 *(.ARM.attributes)
 .ARM.attributes
                0x0000000000000000       0x1e C:/ST/STM32CubeIDE_1.13.2/STM32CubeIDE/plugins/com.st.stm32cube.ide.mcu.externaltools.gnu-tools-for-stm32.11.3.rel1.win32_1.1.100.202309141235/tools/bin/../lib/gcc/arm-none-eabi/11.3.1/thumb/v6-m/nofp/crti.o
 .ARM.attributes
                0x000000000000001e       0x2c C:/ST/STM32CubeIDE_1.13.2/STM32CubeIDE/plugins/com.st.stm32cube.ide.mcu.externaltools.gnu-tools-for-stm32.11.3.rel1.win32_1.1.100.202309141235/tools/bin/../lib/gcc/arm-none-eabi/11.3.1/thumb/v6-m/nofp/crtbegin.o
 .ARM.attributes
                0x000000000000004a       0x2c ./Core/Src/main.o
 .ARM.attributes
                0x0000000000000076       0x2c ./Core/Src/stm32l0xx_hal_msp.o
 .ARM.attributes
                0x00000000000000a2       0x2c ./Core/Src/stm32l0xx_it.o
 .ARM.attributes
                0x00000000000000ce       0x2c ./Core/Src/sysmem.o
 .ARM.attributes
                0x00000000000000fa       0x2c ./Core/Src/system_stm32l0xx.o
 .ARM.attributes
                0x0000000000000126       0x22 ./Core/Startup/startup_stm32l053r8tx.o
 .ARM.attributes
                0x0000000000000148       0x2c ./Drivers/ArduCAM/ArduCAM.o
 .ARM.attributes
                0x0000000000000174       0x2c ./Drivers/SD_CARD/sd_card.o
 .ARM.attributes
                0x00000000000001a0       0x2c ./Drivers/STM32L0xx_HAL_Driver/Src/stm32l0xx_hal.o
 .ARM.attributes
                0x00000000000001cc       0x2c ./Drivers/STM32L0xx_HAL_Driver/Src/stm32l0xx_hal_adc.o
 .ARM.attributes
                0x00000000000001f8       0x2c ./Drivers/STM32L0xx_HAL_Driver/Src/stm32l0xx_hal_cortex.o
 .ARM.attributes
                0x0000000000000224       0x2c ./Drivers/STM32L0xx_HAL_Driver/Src/stm32l0xx_hal_dma.o
 .ARM.attributes
                0x0000000000000250       0x2c ./Drivers/STM32L0xx_HAL_Driver/Src/stm32l0xx_hal_gpio.o
 .ARM.attributes
                0x000000000000027c       0x2c ./Drivers/STM32L0xx_HAL_Driver/Src/stm32l0xx_hal_i2c.o
 .ARM.attributes
                0x00000000000002a8       0x2c ./Drivers/STM32L0xx_HAL_Driver/Src/stm32l0xx_hal_i2c_ex.o
 .ARM.attributes
                0x00000000000002d4       0x2c ./Drivers/STM32L0xx_HAL_Driver/Src/stm32l0xx_hal_rcc.o
 .ARM.attributes
                0x0000000000000300       0x2c ./Drivers/STM32L0xx_HAL_Driver/Src/stm32l0xx_hal_rcc_ex.o
 .ARM.attributes
                0x000000000000032c       0x2c ./Drivers/STM32L0xx_HAL_Driver/Src/stm32l0xx_hal_spi.o
 .ARM.attributes
                0x0000000000000358       0x2c ./Drivers/STM32L0xx_HAL_Driver/Src/stm32l0xx_hal_tim.o
 .ARM.attributes
                0x0000000000000384       0x2c ./Drivers/STM32L0xx_HAL_Driver/Src/stm32l0xx_hal_tim_ex.o
 .ARM.attributes
                0x00000000000003b0       0x2c ./Drivers/STM32L0xx_HAL_Driver/Src/stm32l0xx_hal_uart.o
 .ARM.attributes
                0x00000000000003dc       0x2c ./FATFS/App/fatfs.o
 .ARM.attributes
                0x0000000000000408       0x2c ./FATFS/Target/user_diskio.o
 .ARM.attributes
                0x0000000000000434       0x2c ./FATFS/Target/user_diskio_spi.o
 .ARM.attributes
                0x0000000000000460       0x2c ./Middlewares/Third_Party/FatFs/src/diskio.o
 .ARM.attributes
                0x000000000000048c       0x2c ./Middlewares/Third_Party/FatFs/src/ff.o
 .ARM.attributes
                0x00000000000004b8       0x2c ./Middlewares/Third_Party/FatFs/src/ff_gen_drv.o
 .ARM.attributes
                0x00000000000004e4       0x2c ./Middlewares/Third_Party/FatFs/src/option/ccsbcs.o
 .ARM.attributes
                0x0000000000000510       0x2c C:/ST/STM32CubeIDE_1.13.2/STM32CubeIDE/plugins/com.st.stm32cube.ide.mcu.externaltools.gnu-tools-for-stm32.11.3.rel1.win32_1.1.100.202309141235/tools/bin/../lib/gcc/arm-none-eabi/11.3.1/../../../../arm-none-eabi/lib/thumb/v6-m/nofp\libc_nano.a(libc_a-findfp.o)
 .ARM.attributes
                0x000000000000053c       0x2c C:/ST/STM32CubeIDE_1.13.2/STM32CubeIDE/plugins/com.st.stm32cube.ide.mcu.externaltools.gnu-tools-for-stm32.11.3.rel1.win32_1.1.100.202309141235/tools/bin/../lib/gcc/arm-none-eabi/11.3.1/../../../../arm-none-eabi/lib/thumb/v6-m/nofp\libc_nano.a(libc_a-sprintf.o)
 .ARM.attributes
                0x0000000000000568       0x2c C:/ST/STM32CubeIDE_1.13.2/STM32CubeIDE/plugins/com.st.stm32cube.ide.mcu.externaltools.gnu-tools-for-stm32.11.3.rel1.win32_1.1.100.202309141235/tools/bin/../lib/gcc/arm-none-eabi/11.3.1/../../../../arm-none-eabi/lib/thumb/v6-m/nofp\libc_nano.a(libc_a-memset.o)
 .ARM.attributes
                0x0000000000000594       0x2c C:/ST/STM32CubeIDE_1.13.2/STM32CubeIDE/plugins/com.st.stm32cube.ide.mcu.externaltools.gnu-tools-for-stm32.11.3.rel1.win32_1.1.100.202309141235/tools/bin/../lib/gcc/arm-none-eabi/11.3.1/../../../../arm-none-eabi/lib/thumb/v6-m/nofp\libc_nano.a(libc_a-reent.o)
 .ARM.attributes
                0x00000000000005c0       0x2c C:/ST/STM32CubeIDE_1.13.2/STM32CubeIDE/plugins/com.st.stm32cube.ide.mcu.externaltools.gnu-tools-for-stm32.11.3.rel1.win32_1.1.100.202309141235/tools/bin/../lib/gcc/arm-none-eabi/11.3.1/../../../../arm-none-eabi/lib/thumb/v6-m/nofp\libc_nano.a(libc_a-impure.o)
 .ARM.attributes
                0x00000000000005ec       0x2c C:/ST/STM32CubeIDE_1.13.2/STM32CubeIDE/plugins/com.st.stm32cube.ide.mcu.externaltools.gnu-tools-for-stm32.11.3.rel1.win32_1.1.100.202309141235/tools/bin/../lib/gcc/arm-none-eabi/11.3.1/../../../../arm-none-eabi/lib/thumb/v6-m/nofp\libc_nano.a(libc_a-errno.o)
 .ARM.attributes
                0x0000000000000618       0x2c C:/ST/STM32CubeIDE_1.13.2/STM32CubeIDE/plugins/com.st.stm32cube.ide.mcu.externaltools.gnu-tools-for-stm32.11.3.rel1.win32_1.1.100.202309141235/tools/bin/../lib/gcc/arm-none-eabi/11.3.1/../../../../arm-none-eabi/lib/thumb/v6-m/nofp\libc_nano.a(libc_a-init.o)
 .ARM.attributes
                0x0000000000000644       0x2c C:/ST/STM32CubeIDE_1.13.2/STM32CubeIDE/plugins/com.st.stm32cube.ide.mcu.externaltools.gnu-tools-for-stm32.11.3.rel1.win32_1.1.100.202309141235/tools/bin/../lib/gcc/arm-none-eabi/11.3.1/../../../../arm-none-eabi/lib/thumb/v6-m/nofp\libc_nano.a(libc_a-lock.o)
 .ARM.attributes
                0x0000000000000670       0x1c C:/ST/STM32CubeIDE_1.13.2/STM32CubeIDE/plugins/com.st.stm32cube.ide.mcu.externaltools.gnu-tools-for-stm32.11.3.rel1.win32_1.1.100.202309141235/tools/bin/../lib/gcc/arm-none-eabi/11.3.1/../../../../arm-none-eabi/lib/thumb/v6-m/nofp\libc_nano.a(libc_a-strlen.o)
 .ARM.attributes
                0x000000000000068c       0x2c C:/ST/STM32CubeIDE_1.13.2/STM32CubeIDE/plugins/com.st.stm32cube.ide.mcu.externaltools.gnu-tools-for-stm32.11.3.rel1.win32_1.1.100.202309141235/tools/bin/../lib/gcc/arm-none-eabi/11.3.1/../../../../arm-none-eabi/lib/thumb/v6-m/nofp\libc_nano.a(libc_a-freer.o)
 .ARM.attributes
                0x00000000000006b8       0x2c C:/ST/STM32CubeIDE_1.13.2/STM32CubeIDE/plugins/com.st.stm32cube.ide.mcu.externaltools.gnu-tools-for-stm32.11.3.rel1.win32_1.1.100.202309141235/tools/bin/../lib/gcc/arm-none-eabi/11.3.1/../../../../arm-none-eabi/lib/thumb/v6-m/nofp\libc_nano.a(libc_a-mallocr.o)
 .ARM.attributes
                0x00000000000006e4       0x2c C:/ST/STM32CubeIDE_1.13.2/STM32CubeIDE/plugins/com.st.stm32cube.ide.mcu.externaltools.gnu-tools-for-stm32.11.3.rel1.win32_1.1.100.202309141235/tools/bin/../lib/gcc/arm-none-eabi/11.3.1/../../../../arm-none-eabi/lib/thumb/v6-m/nofp\libc_nano.a(libc_a-mlock.o)
 .ARM.attributes
                0x0000000000000710       0x2c C:/ST/STM32CubeIDE_1.13.2/STM32CubeIDE/plugins/com.st.stm32cube.ide.mcu.externaltools.gnu-tools-for-stm32.11.3.rel1.win32_1.1.100.202309141235/tools/bin/../lib/gcc/arm-none-eabi/11.3.1/../../../../arm-none-eabi/lib/thumb/v6-m/nofp\libc_nano.a(libc_a-nano-svfprintf.o)
 .ARM.attributes
                0x000000000000073c       0x2c C:/ST/STM32CubeIDE_1.13.2/STM32CubeIDE/plugins/com.st.stm32cube.ide.mcu.externaltools.gnu-tools-for-stm32.11.3.rel1.win32_1.1.100.202309141235/tools/bin/../lib/gcc/arm-none-eabi/11.3.1/../../../../arm-none-eabi/lib/thumb/v6-m/nofp\libc_nano.a(libc_a-nano-vfprintf_i.o)
 .ARM.attributes
                0x0000000000000768       0x2c C:/ST/STM32CubeIDE_1.13.2/STM32CubeIDE/plugins/com.st.stm32cube.ide.mcu.externaltools.gnu-tools-for-stm32.11.3.rel1.win32_1.1.100.202309141235/tools/bin/../lib/gcc/arm-none-eabi/11.3.1/../../../../arm-none-eabi/lib/thumb/v6-m/nofp\libc_nano.a(libc_a-memmove.o)
 .ARM.attributes
                0x0000000000000794       0x2c C:/ST/STM32CubeIDE_1.13.2/STM32CubeIDE/plugins/com.st.stm32cube.ide.mcu.externaltools.gnu-tools-for-stm32.11.3.rel1.win32_1.1.100.202309141235/tools/bin/../lib/gcc/arm-none-eabi/11.3.1/../../../../arm-none-eabi/lib/thumb/v6-m/nofp\libc_nano.a(libc_a-sbrkr.o)
 .ARM.attributes
                0x00000000000007c0       0x2c C:/ST/STM32CubeIDE_1.13.2/STM32CubeIDE/plugins/com.st.stm32cube.ide.mcu.externaltools.gnu-tools-for-stm32.11.3.rel1.win32_1.1.100.202309141235/tools/bin/../lib/gcc/arm-none-eabi/11.3.1/../../../../arm-none-eabi/lib/thumb/v6-m/nofp\libc_nano.a(libc_a-memchr-stub.o)
 .ARM.attributes
                0x00000000000007ec       0x2c C:/ST/STM32CubeIDE_1.13.2/STM32CubeIDE/plugins/com.st.stm32cube.ide.mcu.externaltools.gnu-tools-for-stm32.11.3.rel1.win32_1.1.100.202309141235/tools/bin/../lib/gcc/arm-none-eabi/11.3.1/../../../../arm-none-eabi/lib/thumb/v6-m/nofp\libc_nano.a(libc_a-memcpy-stub.o)
 .ARM.attributes
                0x0000000000000818       0x2c C:/ST/STM32CubeIDE_1.13.2/STM32CubeIDE/plugins/com.st.stm32cube.ide.mcu.externaltools.gnu-tools-for-stm32.11.3.rel1.win32_1.1.100.202309141235/tools/bin/../lib/gcc/arm-none-eabi/11.3.1/../../../../arm-none-eabi/lib/thumb/v6-m/nofp\libc_nano.a(libc_a-reallocr.o)
 .ARM.attributes
                0x0000000000000844       0x2c C:/ST/STM32CubeIDE_1.13.2/STM32CubeIDE/plugins/com.st.stm32cube.ide.mcu.externaltools.gnu-tools-for-stm32.11.3.rel1.win32_1.1.100.202309141235/tools/bin/../lib/gcc/arm-none-eabi/11.3.1/../../../../arm-none-eabi/lib/thumb/v6-m/nofp\libc_nano.a(libc_a-msizer.o)
 .ARM.attributes
                0x0000000000000870       0x1e C:/ST/STM32CubeIDE_1.13.2/STM32CubeIDE/plugins/com.st.stm32cube.ide.mcu.externaltools.gnu-tools-for-stm32.11.3.rel1.win32_1.1.100.202309141235/tools/bin/../lib/gcc/arm-none-eabi/11.3.1/thumb/v6-m/nofp\libgcc.a(_thumb1_case_shi.o)
 .ARM.attributes
                0x000000000000088e       0x1e C:/ST/STM32CubeIDE_1.13.2/STM32CubeIDE/plugins/com.st.stm32cube.ide.mcu.externaltools.gnu-tools-for-stm32.11.3.rel1.win32_1.1.100.202309141235/tools/bin/../lib/gcc/arm-none-eabi/11.3.1/thumb/v6-m/nofp\libgcc.a(_udivsi3.o)
 .ARM.attributes
                0x00000000000008ac       0x1e C:/ST/STM32CubeIDE_1.13.2/STM32CubeIDE/plugins/com.st.stm32cube.ide.mcu.externaltools.gnu-tools-for-stm32.11.3.rel1.win32_1.1.100.202309141235/tools/bin/../lib/gcc/arm-none-eabi/11.3.1/thumb/v6-m/nofp\libgcc.a(_dvmd_tls.o)
 .ARM.attributes
                0x00000000000008ca       0x1e C:/ST/STM32CubeIDE_1.13.2/STM32CubeIDE/plugins/com.st.stm32cube.ide.mcu.externaltools.gnu-tools-for-stm32.11.3.rel1.win32_1.1.100.202309141235/tools/bin/../lib/gcc/arm-none-eabi/11.3.1/thumb/v6-m/nofp\libgcc.a(_aeabi_uldivmod.o)
 .ARM.attributes
                0x00000000000008e8       0x2c C:/ST/STM32CubeIDE_1.13.2/STM32CubeIDE/plugins/com.st.stm32cube.ide.mcu.externaltools.gnu-tools-for-stm32.11.3.rel1.win32_1.1.100.202309141235/tools/bin/../lib/gcc/arm-none-eabi/11.3.1/thumb/v6-m/nofp\libgcc.a(_muldi3.o)
 .ARM.attributes
                0x0000000000000914       0x2c C:/ST/STM32CubeIDE_1.13.2/STM32CubeIDE/plugins/com.st.stm32cube.ide.mcu.externaltools.gnu-tools-for-stm32.11.3.rel1.win32_1.1.100.202309141235/tools/bin/../lib/gcc/arm-none-eabi/11.3.1/thumb/v6-m/nofp\libgcc.a(_udivmoddi4.o)
 .ARM.attributes
                0x0000000000000940       0x1e C:/ST/STM32CubeIDE_1.13.2/STM32CubeIDE/plugins/com.st.stm32cube.ide.mcu.externaltools.gnu-tools-for-stm32.11.3.rel1.win32_1.1.100.202309141235/tools/bin/../lib/gcc/arm-none-eabi/11.3.1/thumb/v6-m/nofp\libgcc.a(_clzdi2.o)
 .ARM.attributes
                0x000000000000095e       0x1e C:/ST/STM32CubeIDE_1.13.2/STM32CubeIDE/plugins/com.st.stm32cube.ide.mcu.externaltools.gnu-tools-for-stm32.11.3.rel1.win32_1.1.100.202309141235/tools/bin/../lib/gcc/arm-none-eabi/11.3.1/thumb/v6-m/nofp\libgcc.a(_clzsi2.o)
 .ARM.attributes
                0x000000000000097c       0x1e C:/ST/STM32CubeIDE_1.13.2/STM32CubeIDE/plugins/com.st.stm32cube.ide.mcu.externaltools.gnu-tools-for-stm32.11.3.rel1.win32_1.1.100.202309141235/tools/bin/../lib/gcc/arm-none-eabi/11.3.1/thumb/v6-m/nofp/crtn.o
OUTPUT(Camera_Capture.elf elf32-littlearm)
LOAD linker stubs
LOAD C:/ST/STM32CubeIDE_1.13.2/STM32CubeIDE/plugins/com.st.stm32cube.ide.mcu.externaltools.gnu-tools-for-stm32.11.3.rel1.win32_1.1.100.202309141235/tools/bin/../lib/gcc/arm-none-eabi/11.3.1/../../../../arm-none-eabi/lib/thumb/v6-m/nofp\libc.a
LOAD C:/ST/STM32CubeIDE_1.13.2/STM32CubeIDE/plugins/com.st.stm32cube.ide.mcu.externaltools.gnu-tools-for-stm32.11.3.rel1.win32_1.1.100.202309141235/tools/bin/../lib/gcc/arm-none-eabi/11.3.1/../../../../arm-none-eabi/lib/thumb/v6-m/nofp\libm.a
LOAD C:/ST/STM32CubeIDE_1.13.2/STM32CubeIDE/plugins/com.st.stm32cube.ide.mcu.externaltools.gnu-tools-for-stm32.11.3.rel1.win32_1.1.100.202309141235/tools/bin/../lib/gcc/arm-none-eabi/11.3.1/thumb/v6-m/nofp\libgcc.a

.comment        0x0000000000000000       0x43
 .comment       0x0000000000000000       0x43 C:/ST/STM32CubeIDE_1.13.2/STM32CubeIDE/plugins/com.st.stm32cube.ide.mcu.externaltools.gnu-tools-for-stm32.11.3.rel1.win32_1.1.100.202309141235/tools/bin/../lib/gcc/arm-none-eabi/11.3.1/thumb/v6-m/nofp/crtbegin.o
                                         0x44 (size before relaxing)
 .comment       0x0000000000000043       0x44 ./Core/Src/main.o
 .comment       0x0000000000000043       0x44 ./Core/Src/stm32l0xx_hal_msp.o
 .comment       0x0000000000000043       0x44 ./Core/Src/stm32l0xx_it.o
 .comment       0x0000000000000043       0x44 ./Core/Src/sysmem.o
 .comment       0x0000000000000043       0x44 ./Core/Src/system_stm32l0xx.o
 .comment       0x0000000000000043       0x44 ./Drivers/ArduCAM/ArduCAM.o
 .comment       0x0000000000000043       0x44 ./Drivers/SD_CARD/sd_card.o
 .comment       0x0000000000000043       0x44 ./Drivers/STM32L0xx_HAL_Driver/Src/stm32l0xx_hal.o
 .comment       0x0000000000000043       0x44 ./Drivers/STM32L0xx_HAL_Driver/Src/stm32l0xx_hal_adc.o
 .comment       0x0000000000000043       0x44 ./Drivers/STM32L0xx_HAL_Driver/Src/stm32l0xx_hal_cortex.o
 .comment       0x0000000000000043       0x44 ./Drivers/STM32L0xx_HAL_Driver/Src/stm32l0xx_hal_dma.o
 .comment       0x0000000000000043       0x44 ./Drivers/STM32L0xx_HAL_Driver/Src/stm32l0xx_hal_gpio.o
 .comment       0x0000000000000043       0x44 ./Drivers/STM32L0xx_HAL_Driver/Src/stm32l0xx_hal_i2c.o
 .comment       0x0000000000000043       0x44 ./Drivers/STM32L0xx_HAL_Driver/Src/stm32l0xx_hal_i2c_ex.o
 .comment       0x0000000000000043       0x44 ./Drivers/STM32L0xx_HAL_Driver/Src/stm32l0xx_hal_rcc.o
 .comment       0x0000000000000043       0x44 ./Drivers/STM32L0xx_HAL_Driver/Src/stm32l0xx_hal_rcc_ex.o
 .comment       0x0000000000000043       0x44 ./Drivers/STM32L0xx_HAL_Driver/Src/stm32l0xx_hal_spi.o
 .comment       0x0000000000000043       0x44 ./Drivers/STM32L0xx_HAL_Driver/Src/stm32l0xx_hal_tim.o
 .comment       0x0000000000000043       0x44 ./Drivers/STM32L0xx_HAL_Driver/Src/stm32l0xx_hal_tim_ex.o
 .comment       0x0000000000000043       0x44 ./Drivers/STM32L0xx_HAL_Driver/Src/stm32l0xx_hal_uart.o
 .comment       0x0000000000000043       0x44 ./FATFS/App/fatfs.o
 .comment       0x0000000000000043       0x44 ./FATFS/Target/user_diskio.o
 .comment       0x0000000000000043       0x44 ./FATFS/Target/user_diskio_spi.o
 .comment       0x0000000000000043       0x44 ./Middlewares/Third_Party/FatFs/src/diskio.o
 .comment       0x0000000000000043       0x44 ./Middlewares/Third_Party/FatFs/src/ff.o
 .comment       0x0000000000000043       0x44 ./Middlewares/Third_Party/FatFs/src/ff_gen_drv.o
 .comment       0x0000000000000043       0x44 ./Middlewares/Third_Party/FatFs/src/option/ccsbcs.o

.debug_info     0x0000000000000000    0x18901
 .debug_info    0x0000000000000000     0x204a ./Core/Src/main.o
 .debug_info    0x000000000000204a     0x17c1 ./Core/Src/stm32l0xx_hal_msp.o
 .debug_info    0x000000000000380b      0x975 ./Core/Src/stm32l0xx_it.o
 .debug_info    0x0000000000004180      0x168 ./Core/Src/sysmem.o
 .debug_info    0x00000000000042e8      0x2d0 ./Core/Src/system_stm32l0xx.o
 .debug_info    0x00000000000045b8       0x23 ./Core/Startup/startup_stm32l053r8tx.o
 .debug_info    0x00000000000045db     0x148e ./Drivers/ArduCAM/ArduCAM.o
 .debug_info    0x0000000000005a69      0x610 ./Drivers/SD_CARD/sd_card.o
 .debug_info    0x0000000000006079      0x863 ./Drivers/STM32L0xx_HAL_Driver/Src/stm32l0xx_hal.o
 .debug_info    0x00000000000068dc      0xcea ./Drivers/STM32L0xx_HAL_Driver/Src/stm32l0xx_hal_adc.o
 .debug_info    0x00000000000075c6      0x84f ./Drivers/STM32L0xx_HAL_Driver/Src/stm32l0xx_hal_cortex.o
 .debug_info    0x0000000000007e15      0x70b ./Drivers/STM32L0xx_HAL_Driver/Src/stm32l0xx_hal_dma.o
 .debug_info    0x0000000000008520      0x624 ./Drivers/STM32L0xx_HAL_Driver/Src/stm32l0xx_hal_gpio.o
 .debug_info    0x0000000000008b44     0x205f ./Drivers/STM32L0xx_HAL_Driver/Src/stm32l0xx_hal_i2c.o
 .debug_info    0x000000000000aba3      0x884 ./Drivers/STM32L0xx_HAL_Driver/Src/stm32l0xx_hal_i2c_ex.o
 .debug_info    0x000000000000b427      0x9fd ./Drivers/STM32L0xx_HAL_Driver/Src/stm32l0xx_hal_rcc.o
 .debug_info    0x000000000000be24      0x7e6 ./Drivers/STM32L0xx_HAL_Driver/Src/stm32l0xx_hal_rcc_ex.o
 .debug_info    0x000000000000c60a     0x15ca ./Drivers/STM32L0xx_HAL_Driver/Src/stm32l0xx_hal_spi.o
 .debug_info    0x000000000000dbd4     0x27b3 ./Drivers/STM32L0xx_HAL_Driver/Src/stm32l0xx_hal_tim.o
 .debug_info    0x0000000000010387      0x6af ./Drivers/STM32L0xx_HAL_Driver/Src/stm32l0xx_hal_tim_ex.o
 .debug_info    0x0000000000010a36     0x3b30 ./Drivers/STM32L0xx_HAL_Driver/Src/stm32l0xx_hal_uart.o
 .debug_info    0x0000000000014566      0x4fb ./FATFS/App/fatfs.o
 .debug_info    0x0000000000014a61      0x3aa ./FATFS/Target/user_diskio.o
 .debug_info    0x0000000000014e0b      0xbf5 ./FATFS/Target/user_diskio_spi.o
 .debug_info    0x0000000000015a00      0x3df ./Middlewares/Third_Party/FatFs/src/diskio.o
 .debug_info    0x0000000000015ddf     0x25ea ./Middlewares/Third_Party/FatFs/src/ff.o
 .debug_info    0x00000000000183c9      0x37f ./Middlewares/Third_Party/FatFs/src/ff_gen_drv.o
 .debug_info    0x0000000000018748      0x1b9 ./Middlewares/Third_Party/FatFs/src/option/ccsbcs.o

.debug_abbrev   0x0000000000000000     0x3853
 .debug_abbrev  0x0000000000000000      0x3b5 ./Core/Src/main.o
 .debug_abbrev  0x00000000000003b5      0x277 ./Core/Src/stm32l0xx_hal_msp.o
 .debug_abbrev  0x000000000000062c      0x1a3 ./Core/Src/stm32l0xx_it.o
 .debug_abbrev  0x00000000000007cf       0xbc ./Core/Src/sysmem.o
 .debug_abbrev  0x000000000000088b      0x11c ./Core/Src/system_stm32l0xx.o
 .debug_abbrev  0x00000000000009a7       0x12 ./Core/Startup/startup_stm32l053r8tx.o
 .debug_abbrev  0x00000000000009b9      0x336 ./Drivers/ArduCAM/ArduCAM.o
 .debug_abbrev  0x0000000000000cef      0x1bc ./Drivers/SD_CARD/sd_card.o
 .debug_abbrev  0x0000000000000eab      0x2a0 ./Drivers/STM32L0xx_HAL_Driver/Src/stm32l0xx_hal.o
 .debug_abbrev  0x000000000000114b      0x241 ./Drivers/STM32L0xx_HAL_Driver/Src/stm32l0xx_hal_adc.o
 .debug_abbrev  0x000000000000138c      0x29b ./Drivers/STM32L0xx_HAL_Driver/Src/stm32l0xx_hal_cortex.o
 .debug_abbrev  0x0000000000001627      0x1cd ./Drivers/STM32L0xx_HAL_Driver/Src/stm32l0xx_hal_dma.o
 .debug_abbrev  0x00000000000017f4      0x1ca ./Drivers/STM32L0xx_HAL_Driver/Src/stm32l0xx_hal_gpio.o
 .debug_abbrev  0x00000000000019be      0x270 ./Drivers/STM32L0xx_HAL_Driver/Src/stm32l0xx_hal_i2c.o
 .debug_abbrev  0x0000000000001c2e      0x1b9 ./Drivers/STM32L0xx_HAL_Driver/Src/stm32l0xx_hal_i2c_ex.o